Archive member included because of file (symbol)

C:\Users\Liam Kain\AppData\Local\Arduino15\packages\arduino\hardware\sam\1.6.12\variants\arduino_due_x/libsam_sam3x8e_gcc_rel.a(pio.o)
                              c:\Users\Liam Kain\Personal_Projects\UnoProjects\build\core\variant.cpp.o (PIO_Configure)
C:\Users\Liam Kain\AppData\Local\Arduino15\packages\arduino\hardware\sam\1.6.12\variants\arduino_due_x/libsam_sam3x8e_gcc_rel.a(pmc.o)
                              c:\Users\Liam Kain\Personal_Projects\UnoProjects\build\core\variant.cpp.o (pmc_enable_periph_clk)
C:\Users\Liam Kain\AppData\Local\Arduino15\packages\arduino\hardware\sam\1.6.12\variants\arduino_due_x/libsam_sam3x8e_gcc_rel.a(system_sam3xa.o)
                              c:\Users\Liam Kain\Personal_Projects\UnoProjects\build\core\variant.cpp.o (SystemInit)
C:\Users\Liam Kain\AppData\Local\Arduino15\packages\arduino\hardware\sam\1.6.12\variants\arduino_due_x/libsam_sam3x8e_gcc_rel.a(startup_sam3xa.o)
                              (Reset_Handler)
C:\Users\Liam Kain\AppData\Local\Arduino15\packages\arduino\hardware\sam\1.6.12\variants\arduino_due_x/libsam_sam3x8e_gcc_rel.a(adc.o)
                              c:\Users\Liam Kain\Personal_Projects\UnoProjects\build\core\variant.cpp.o (adc_init)
C:\Users\Liam Kain\AppData\Local\Arduino15\packages\arduino\hardware\sam\1.6.12\variants\arduino_due_x/libsam_sam3x8e_gcc_rel.a(uotghs.o)
                              C:\Users\Liam Kain\AppData\Local\Arduino15\packages\arduino\hardware\sam\1.6.12\variants\arduino_due_x/libsam_sam3x8e_gcc_rel.a(startup_sam3xa.o) (UOTGHS_Handler)
c:\Users\Liam Kain\Personal_Projects\UnoProjects\build/core\core.a(WInterrupts.c.o)
                              C:\Users\Liam Kain\AppData\Local\Arduino15\packages\arduino\hardware\sam\1.6.12\variants\arduino_due_x/libsam_sam3x8e_gcc_rel.a(startup_sam3xa.o) (PIOA_Handler)
c:\Users\Liam Kain\Personal_Projects\UnoProjects\build/core\core.a(cortex_handlers.c.o)
                              C:\Users\Liam Kain\AppData\Local\Arduino15\packages\arduino\hardware\sam\1.6.12\variants\arduino_due_x/libsam_sam3x8e_gcc_rel.a(startup_sam3xa.o) (NMI_Handler)
c:\Users\Liam Kain\Personal_Projects\UnoProjects\build/core\core.a(hooks.c.o)
                              c:\Users\Liam Kain\Personal_Projects\UnoProjects\build/core\core.a(cortex_handlers.c.o) (sysTickHook)
c:\Users\Liam Kain\Personal_Projects\UnoProjects\build/core\core.a(syscalls_sam3.c.o)
                              (_sbrk)
c:\Users\Liam Kain\Personal_Projects\UnoProjects\build/core\core.a(wiring.c.o)
                              c:\Users\Liam Kain\Personal_Projects\UnoProjects\build\sketch\RemoteFinder.ino.cpp.o (delay)
c:\Users\Liam Kain\Personal_Projects\UnoProjects\build/core\core.a(wiring_analog.c.o)
                              c:\Users\Liam Kain\Personal_Projects\UnoProjects\build\sketch\RemoteFinder.ino.cpp.o (analogRead)
c:\Users\Liam Kain\Personal_Projects\UnoProjects\build/core\core.a(wiring_digital.c.o)
                              c:\Users\Liam Kain\Personal_Projects\UnoProjects\build\sketch\RemoteFinder.ino.cpp.o (pinMode)
c:\Users\Liam Kain\Personal_Projects\UnoProjects\build/core\core.a(Print.cpp.o)
                              c:\Users\Liam Kain\Personal_Projects\UnoProjects\build\sketch\RemoteFinder.ino.cpp.o (Print::println(int, int))
c:\Users\Liam Kain\Personal_Projects\UnoProjects\build/core\core.a(Reset.cpp.o)
                              c:\Users\Liam Kain\Personal_Projects\UnoProjects\build/core\core.a(cortex_handlers.c.o) (tickReset)
c:\Users\Liam Kain\Personal_Projects\UnoProjects\build/core\core.a(RingBuffer.cpp.o)
                              c:\Users\Liam Kain\Personal_Projects\UnoProjects\build\core\variant.cpp.o (RingBuffer::RingBuffer())
c:\Users\Liam Kain\Personal_Projects\UnoProjects\build/core\core.a(UARTClass.cpp.o)
                              c:\Users\Liam Kain\Personal_Projects\UnoProjects\build\core\variant.cpp.o (UARTClass::available())
c:\Users\Liam Kain\Personal_Projects\UnoProjects\build/core\core.a(USARTClass.cpp.o)
                              c:\Users\Liam Kain\Personal_Projects\UnoProjects\build\core\variant.cpp.o (USARTClass::USARTClass(Usart*, IRQn, unsigned long, RingBuffer*, RingBuffer*))
c:\Users\Liam Kain\Personal_Projects\UnoProjects\build/core\core.a(abi.cpp.o)
                              c:\Users\Liam Kain\Personal_Projects\UnoProjects\build/core\core.a(Print.cpp.o) (__cxa_pure_virtual)
c:\Users\Liam Kain\Personal_Projects\UnoProjects\build/core\core.a(main.cpp.o)
                              c:/users/liam kain/appdata/local/arduino15/packages/arduino/tools/arm-none-eabi-gcc/4.8.3-2014q1/bin/../lib/gcc/arm-none-eabi/4.8.3/../../../../arm-none-eabi/lib/armv7-m/crt0.o (main)
c:\Users\Liam Kain\Personal_Projects\UnoProjects\build/core\core.a(watchdog.cpp.o)
[...]
Memory Configuration

Name             Origin             Length             Attributes
rom              0x00080000         0x00080000         xr
sram0            0x20000000         0x00010000         xrw
sram1            0x20080000         0x00008000         xrw
ram              0x20070000         0x00018000         xrw
*default*        0x00000000         0xffffffff

Linker script and memory map

LOAD c:/users/liam kain/appdata/local/arduino15/packages/arduino/tools/arm-none-eabi-gcc/4.8.3-2014q1/bin/../lib/gcc/arm-none-eabi/4.8.3/armv7-m/crti.o
LOAD c:/users/liam kain/appdata/local/arduino15/packages/arduino/tools/arm-none-eabi-gcc/4.8.3-2014q1/bin/../lib/gcc/arm-none-eabi/4.8.3/armv7-m/crtbegin.o
LOAD c:/users/liam kain/appdata/local/arduino15/packages/arduino/tools/arm-none-eabi-gcc/4.8.3-2014q1/bin/../lib/gcc/arm-none-eabi/4.8.3/../../../../arm-none-eabi/lib/armv7-m/crt0.o
START GROUP
LOAD c:\Users\Liam Kain\Personal_Projects\UnoProjects\build\sketch\RemoteFinder.ino.cpp.o
LOAD c:\Users\Liam Kain\Personal_Projects\UnoProjects\build\core\variant.cpp.o
LOAD C:\Users\Liam Kain\AppData\Local\Arduino15\packages\arduino\hardware\sam\1.6.12\variants\arduino_due_x/libsam_sam3x8e_gcc_rel.a
LOAD c:\Users\Liam Kain\Personal_Projects\UnoProjects\build/core\core.a
END GROUP
LOAD c:/users/liam kain/appdata/local/arduino15/packages/arduino/tools/arm-none-eabi-gcc/4.8.3-2014q1/bin/../lib/gcc/arm-none-eabi/4.8.3/../../../../arm-none-eabi/lib/armv7-m\libm.a
LOAD c:/users/liam kain/appdata/local/arduino15/packages/arduino/tools/arm-none-eabi-gcc/4.8.3-2014q1/bin/../lib/gcc/arm-none-eabi/4.8.3/armv7-m\libgcc.a
START GROUP
LOAD c:/users/liam kain/appdata/local/arduino15/packages/arduino/tools/arm-none-eabi-gcc/4.8.3-2014q1/bin/../lib/gcc/arm-none-eabi/4.8.3/armv7-m\libgcc.a
LOAD c:/users/liam kain/appdata/local/arduino15/packages/arduino/tools/arm-none-eabi-gcc/4.8.3-2014q1/bin/../lib/gcc/arm-none-eabi/4.8.3/../../../../arm-none-eabi/lib/armv7-m\libc.a
END GROUP
LOAD c:/users/liam kain/appdata/local/arduino15/packages/arduino/tools/arm-none-eabi-gcc/4.8.3-2014q1/bin/../lib/gcc/arm-none-eabi/4.8.3/armv7-m/crtend.o
LOAD c:/users/liam kain/appdata/local/arduino15/packages/arduino/tools/arm-none-eabi-gcc/4.8.3-2014q1/bin/../lib/gcc/arm-none-eabi/4.8.3/armv7-m/crtn.o

.text           0x00080000     0x62a4
                0x00080000                . = ALIGN (0x4)
                0x00080000                _sfixed = .
 *(.vectors .vectors.*)
 .vectors       0x00080000       0xf4 C:\Users\Liam Kain\AppData\Local\Arduino15\packages\arduino\hardware\sam\1.6.12\variants\arduino_due_x/libsam_sam3x8e_gcc_rel.a(startup_sam3xa.o)
                0x00080000                exception_table
 *(.text .text.* .gnu.linkonce.t.*)
 .text          0x000800f4       0x54 c:/users/liam kain/appdata/local/arduino15/packages/arduino/tools/arm-none-eabi-gcc/4.8.3-2014q1/bin/../lib/gcc/arm-none-eabi/4.8.3/armv7-m/crtbegin.o
 .text.loop     0x00080148       0x60 c:\Users\Liam Kain\Personal_Projects\UnoProjects\build\sketch\RemoteFinder.ino.cpp.o
                0x00080148                loop
 .text.setup    0x000801a8       0x34 c:\Users\Liam Kain\Personal_Projects\UnoProjects\build\sketch\RemoteFinder.ino.cpp.o
                0x000801a8                setup
 .text._Z11serialEventv
                0x000801dc        0x2 c:\Users\Liam Kain\Personal_Projects\UnoProjects\build\core\variant.cpp.o
                0x000801dc                serialEvent()
 *fill*         0x000801de        0x2 
 .text.UART_Handler
                0x000801e0        0xc c:\Users\Liam Kain\Personal_Projects\UnoProjects\build\core\variant.cpp.o
                0x000801e0                UART_Handler
 .text._Z12serialEvent1v
                0x000801ec        0x2 c:\Users\Liam Kain\Personal_Projects\UnoProjects\build\core\variant.cpp.o
                0x000801ec                serialEvent1()
 .text._Z12serialEvent2v
                0x000801ee        0x2 c:\Users\Liam Kain\Personal_Projects\UnoProjects\build\core\variant.cpp.o
                0x000801ee                serialEvent2()
 .text._Z12serialEvent3v
                0x000801f0        0x2 c:\Users\Liam Kain\Personal_Projects\UnoProjects\build\core\variant.cpp.o
                0x000801f0                serialEvent3()
 *fill*         0x000801f2        0x2 
 .text.USART0_Handler
                0x000801f4        0xc c:\Users\Liam Kain\Personal_Projects\UnoProjects\build\core\variant.cpp.o
                0x000801f4                USART0_Handler
 .text.USART1_Handler
                0x00080200        0xc c:\Users\Liam Kain\Personal_Projects\UnoProjects\build\core\variant.cpp.o
                0x00080200                USART1_Handler
 .text.USART3_Handler
                0x0008020c        0xc c:\Users\Liam Kain\Personal_Projects\UnoProjects\build\core\variant.cpp.o
                0x0008020c                USART3_Handler
 .text.init     0x00080218      0x128 c:\Users\Liam Kain\Personal_Projects\UnoProjects\build\core\variant.cpp.o
                0x00080218                init
 .text.startup._GLOBAL__sub_I_g_APinDescription
                0x00080340       0xd4 c:\Users\Liam Kain\Personal_Projects\UnoProjects\build\core\variant.cpp.o
 .text._Z14serialEventRunv
                0x00080414       0x44 c:\Users\Liam Kain\Personal_Projects\UnoProjects\build\core\variant.cpp.o
                0x00080414                serialEventRun()
 .text.PIO_PullUp
                0x00080458        0xa C:\Users\Liam Kain\AppData\Local\Arduino15\packages\arduino\hardware\sam\1.6.12\variants\arduino_due_x/libsam_sam3x8e_gcc_rel.a(pio.o)
                0x00080458                PIO_PullUp
 .text.PIO_SetPeripheral
                0x00080462       0x26 C:\Users\Liam Kain\AppData\Local\Arduino15\packages\arduino\hardware\sam\1.6.12\variants\arduino_due_x/libsam_sam3x8e_gcc_rel.a(pio.o)
                0x00080462                PIO_SetPeripheral
 .text.PIO_SetInput
                0x00080488       0x26 C:\Users\Liam Kain\AppData\Local\Arduino15\packages\arduino\hardware\sam\1.6.12\variants\arduino_due_x/libsam_sam3x8e_gcc_rel.a(pio.o)
                0x00080488                PIO_SetInput
 .text.PIO_SetOutput
                0x000804ae       0x24 C:\Users\Liam Kain\AppData\Local\Arduino15\packages\arduino\hardware\sam\1.6.12\variants\arduino_due_x/libsam_sam3x8e_gcc_rel.a(pio.o)
                0x000804ae                PIO_SetOutput
 *fill*         0x000804d2        0x2 
 .text.PIO_Configure
                0x000804d4       0x64 C:\Users\Liam Kain\AppData\Local\Arduino15\packages\arduino\hardware\sam\1.6.12\variants\arduino_due_x/libsam_sam3x8e_gcc_rel.a(pio.o)
                0x000804d4                PIO_Configure
 .text.PIO_GetOutputDataStatus
                0x00080538       0x14 C:\Users\Liam Kain\AppData\Local\Arduino15\packages\arduino\hardware\sam\1.6.12\variants\arduino_due_x/libsam_sam3x8e_gcc_rel.a(pio.o)
                0x00080538                PIO_GetOutputDataStatus
 .text.pmc_enable_upll_clock
                0x0008054c       0x14 C:\Users\Liam Kain\AppData\Local\Arduino15\packages\arduino\hardware\sam\1.6.12\variants\arduino_due_x/libsam_sam3x8e_gcc_rel.a(pmc.o)
                0x0008054c                pmc_enable_upll_clock
 .text.pmc_enable_periph_clk
                0x00080560       0x44 C:\Users\Liam Kain\AppData\Local\Arduino15\packages\arduino\hardware\sam\1.6.12\variants\arduino_due_x/libsam_sam3x8e_gcc_rel.a(pmc.o)
                0x00080560                pmc_enable_periph_clk
 .text.pmc_disable_periph_clk
                0x000805a4       0x40 C:\Users\Liam Kain\AppData\Local\Arduino15\packages\arduino\hardware\sam\1.6.12\variants\arduino_due_x/libsam_sam3x8e_gcc_rel.a(pmc.o)
                0x000805a4                pmc_disable_periph_clk
 .text.pmc_switch_udpck_to_upllck
                0x000805e4       0x14 C:\Users\Liam Kain\AppData\Local\Arduino15\packages\arduino\hardware\sam\1.6.12\variants\arduino_due_x/libsam_sam3x8e_gcc_rel.a(pmc.o)
                0x000805e4                pmc_switch_udpck_to_upllck
 .text.pmc_enable_udpck
                0x000805f8        0xc C:\Users\Liam Kain\AppData\Local\Arduino15\packages\arduino\hardware\sam\1.6.12\variants\arduino_due_x/libsam_sam3x8e_gcc_rel.a(pmc.o)
                0x000805f8                pmc_enable_udpck
 .text.SystemInit
                0x00080604       0x88 C:\Users\Liam Kain\AppData\Local\Arduino15\packages\arduino\hardware\sam\1.6.12\variants\arduino_due_x/libsam_sam3x8e_gcc_rel.a(system_sam3xa.o)
                0x00080604                SystemInit
 .text.Reset_Handler
                0x0008068c       0x78 C:\Users\Liam Kain\AppData\Local\Arduino15\packages\arduino\hardware\sam\1.6.12\variants\arduino_due_x/libsam_sam3x8e_gcc_rel.a(startup_sam3xa.o)
                0x0008068c                Reset_Handler
 .text.adc_init
                0x00080704       0x98 C:\Users\Liam Kain\AppData\Local\Arduino15\packages\arduino\hardware\sam\1.6.12\variants\arduino_due_x/libsam_sam3x8e_gcc_rel.a(adc.o)
                0x00080704                adc_init
 .text.adc_configure_trigger
                0x0008079c        0xe C:\Users\Liam Kain\AppData\Local\Arduino15\packages\arduino\hardware\sam\1.6.12\variants\arduino_due_x/libsam_sam3x8e_gcc_rel.a(adc.o)
                0x0008079c                adc_configure_trigger
 .text.adc_configure_timing
                0x000807aa       0x1a C:\Users\Liam Kain\AppData\Local\Arduino15\packages\arduino\hardware\sam\1.6.12\variants\arduino_due_x/libsam_sam3x8e_gcc_rel.a(adc.o)
                0x000807aa                adc_configure_timing
 .text.adc_start
                0x000807c4        0x6 C:\Users\Liam Kain\AppData\Local\Arduino15\packages\arduino\hardware\sam\1.6.12\variants\arduino_due_x/libsam_sam3x8e_gcc_rel.a(adc.o)
                0x000807c4                adc_start
 .text.adc_enable_channel
                0x000807ca        0xa C:\Users\Liam Kain\AppData\Local\Arduino15\packages\arduino\hardware\sam\1.6.12\variants\arduino_due_x/libsam_sam3x8e_gcc_rel.a(adc.o)
                0x000807ca                adc_enable_channel
 .text.adc_disable_channel
                0x000807d4        0xa C:\Users\Liam Kain\AppData\Local\Arduino15\packages\arduino\hardware\sam\1.6.12\variants\arduino_due_x/libsam_sam3x8e_gcc_rel.a(adc.o)
                0x000807d4                adc_disable_channel
 .text.adc_disable_all_channel
                0x000807de        0x8 C:\Users\Liam Kain\AppData\Local\Arduino15\packages\arduino\hardware\sam\1.6.12\variants\arduino_due_x/libsam_sam3x8e_gcc_rel.a(adc.o)
                0x000807de                adc_disable_all_channel
 .text.adc_get_channel_status
                0x000807e6        0xa C:\Users\Liam Kain\AppData\Local\Arduino15\packages\arduino\hardware\sam\1.6.12\variants\arduino_due_x/libsam_sam3x8e_gcc_rel.a(adc.o)
                0x000807e6                adc_get_channel_status
 .text.adc_get_latest_value
                0x000807f0        0x4 C:\Users\Liam Kain\AppData\Local\Arduino15\packages\arduino\hardware\sam\1.6.12\variants\arduino_due_x/libsam_sam3x8e_gcc_rel.a(adc.o)
                0x000807f0                adc_get_latest_value
 .text.adc_disable_interrupt
                0x000807f4        0x4 C:\Users\Liam Kain\AppData\Local\Arduino15\packages\arduino\hardware\sam\1.6.12\variants\arduino_due_x/libsam_sam3x8e_gcc_rel.a(adc.o)
                0x000807f4                adc_disable_interrupt
 .text.adc_get_status
                0x000807f8        0x4 C:\Users\Liam Kain\AppData\Local\Arduino15\packages\arduino\hardware\sam\1.6.12\variants\arduino_due_x/libsam_sam3x8e_gcc_rel.a(adc.o)
                0x000807f8                adc_get_status
 .text.UOTGHS_Handler
                0x000807fc       0x10 C:\Users\Liam Kain\AppData\Local\Arduino15\packages\arduino\hardware\sam\1.6.12\variants\arduino_due_x/libsam_sam3x8e_gcc_rel.a(uotghs.o)
                0x000807fc                UOTGHS_Handler
 .text.PIOA_Handler
                0x0008080c       0x38 c:\Users\Liam Kain\Personal_Projects\UnoProjects\build/core\core.a(WInterrupts.c.o)
                0x0008080c                PIOA_Handler
 .text.PIOB_Handler
                0x00080844       0x38 c:\Users\Liam Kain\Personal_Projects\UnoProjects\build/core\core.a(WInterrupts.c.o)
                0x00080844                PIOB_Handler
 .text.PIOC_Handler
                0x0008087c       0x38 c:\Users\Liam Kain\Personal_Projects\UnoProjects\build/core\core.a(WInterrupts.c.o)
                0x0008087c                PIOC_Handler
 .text.PIOD_Handler
                0x000808b4       0x38 c:\Users\Liam Kain\Personal_Projects\UnoProjects\build/core\core.a(WInterrupts.c.o)
                0x000808b4                PIOD_Handler
 .text.__halt   0x000808ec        0x2 c:\Users\Liam Kain\Personal_Projects\UnoProjects\build/core\core.a(cortex_handlers.c.o)
                0x000808ec                DACC_Handler
                0x000808ec                DebugMon_Handler
                0x000808ec                DMAC_Handler
                0x000808ec                TRNG_Handler
                0x000808ec                HardFault_Handler
                0x000808ec                TC2_Handler
                0x000808ec                TWI1_Handler
                0x000808ec                NMI_Handler
                0x000808ec                TC7_Handler
                0x000808ec                ADC_Handler
                0x000808ec                SMC_Handler
                0x000808ec                RTT_Handler
                0x000808ec                EFC1_Handler
                0x000808ec                RTC_Handler
                0x000808ec                UsageFault_Handler
                0x000808ec                TC6_Handler
                0x000808ec                WDT_Handler
                0x000808ec                CAN0_Handler
                0x000808ec                TC4_Handler
                0x000808ec                TC1_Handler
                0x000808ec                HSMCI_Handler
                0x000808ec                TC3_Handler
                0x000808ec                TWI0_Handler
                0x000808ec                SSC_Handler
                0x000808ec                EFC0_Handler
                0x000808ec                PMC_Handler
                0x000808ec                PWM_Handler
                0x000808ec                CAN1_Handler
                0x000808ec                MemManage_Handler
                0x000808ec                SUPC_Handler
                0x000808ec                TC8_Handler
                0x000808ec                USART2_Handler
                0x000808ec                EMAC_Handler
                0x000808ec                BusFault_Handler
                0x000808ec                RSTC_Handler
                0x000808ec                TC0_Handler
                0x000808ec                TC5_Handler
                0x000808ec                SPI0_Handler
 .text.SVC_Handler
                0x000808ee        0x4 c:\Users\Liam Kain\Personal_Projects\UnoProjects\build/core\core.a(cortex_handlers.c.o)
                0x000808ee                SVC_Handler
 .text.PendSV_Handler
                0x000808f2        0x4 c:\Users\Liam Kain\Personal_Projects\UnoProjects\build/core\core.a(cortex_handlers.c.o)
                0x000808f2                PendSV_Handler
 .text.SysTick_Handler
                0x000808f6       0x16 c:\Users\Liam Kain\Personal_Projects\UnoProjects\build/core\core.a(cortex_handlers.c.o)
                0x000808f6                SysTick_Handler
 .text.__empty  0x0008090c        0x2 c:\Users\Liam Kain\Personal_Projects\UnoProjects\build/core\core.a(hooks.c.o)
                0x0008090c                yield
 .text.__false  0x0008090e        0x4 c:\Users\Liam Kain\Personal_Projects\UnoProjects\build/core\core.a(hooks.c.o)
                0x0008090e                sysTickHook
 .text.__halt   0x00080912        0x2 c:\Users\Liam Kain\Personal_Projects\UnoProjects\build/core\core.a(hooks.c.o)
                0x00080912                svcHook
                0x00080912                pendSVHook
 .text._sbrk    0x00080914       0x1c c:\Users\Liam Kain\Personal_Projects\UnoProjects\build/core\core.a(syscalls_sam3.c.o)
                0x00080914                _sbrk
 .text.link     0x00080930        0x6 c:\Users\Liam Kain\Personal_Projects\UnoProjects\build/core\core.a(syscalls_sam3.c.o)
                0x00080930                link
 .text._close   0x00080936        0x6 c:\Users\Liam Kain\Personal_Projects\UnoProjects\build/core\core.a(syscalls_sam3.c.o)
                0x00080936                _close
 .text._fstat   0x0008093c        0xa c:\Users\Liam Kain\Personal_Projects\UnoProjects\build/core\core.a(syscalls_sam3.c.o)
                0x0008093c                _fstat
 .text._isatty  0x00080946        0x4 c:\Users\Liam Kain\Personal_Projects\UnoProjects\build/core\core.a(syscalls_sam3.c.o)
                0x00080946                _isatty
 .text._lseek   0x0008094a        0x4 c:\Users\Liam Kain\Personal_Projects\UnoProjects\build/core\core.a(syscalls_sam3.c.o)
                0x0008094a                _lseek
 .text._read    0x0008094e        0x4 c:\Users\Liam Kain\Personal_Projects\UnoProjects\build/core\core.a(syscalls_sam3.c.o)
                0x0008094e                _read
 *fill*         0x00080952        0x2 
 .text._write   0x00080954       0x24 c:\Users\Liam Kain\Personal_Projects\UnoProjects\build/core\core.a(syscalls_sam3.c.o)
                0x00080954                _write
 .text._exit    0x00080978        0x2 c:\Users\Liam Kain\Personal_Projects\UnoProjects\build/core\core.a(syscalls_sam3.c.o)
                0x00080978                _exit
 .text._kill    0x0008097a        0x2 c:\Users\Liam Kain\Personal_Projects\UnoProjects\build/core\core.a(syscalls_sam3.c.o)
                0x0008097a                _kill
 .text._getpid  0x0008097c        0x6 c:\Users\Liam Kain\Personal_Projects\UnoProjects\build/core\core.a(syscalls_sam3.c.o)
                0x0008097c                _getpid
 .text.delay    0x00080982       0x1c c:\Users\Liam Kain\Personal_Projects\UnoProjects\build/core\core.a(wiring.c.o)
                0x00080982                delay
 .text.mapResolution
                0x0008099e       0x12 c:\Users\Liam Kain\Personal_Projects\UnoProjects\build/core\core.a(wiring_analog.c.o)
 .text.analogRead
                0x000809b0       0x9c c:\Users\Liam Kain\Personal_Projects\UnoProjects\build/core\core.a(wiring_analog.c.o)
                0x000809b0                analogRead
 .text.analogOutputInit
                0x00080a4c        0x2 c:\Users\Liam Kain\Personal_Projects\UnoProjects\build/core\core.a(wiring_analog.c.o)
                0x00080a4c                analogOutputInit
 *fill*         0x00080a4e        0x2 
 .text.analogWrite
                0x00080a50      0x2c0 c:\Users\Liam Kain\Personal_Projects\UnoProjects\build/core\core.a(wiring_analog.c.o)
                0x00080a50                analogWrite
 .text.pinMode  0x00080d10      0x108 c:\Users\Liam Kain\Personal_Projects\UnoProjects\build/core\core.a(wiring_digital.c.o)
                0x00080d10                pinMode
 .text.digitalWrite
                0x00080e18       0x70 c:\Users\Liam Kain\Personal_Projects\UnoProjects\build/core\core.a(wiring_digital.c.o)
                0x00080e18                digitalWrite
 .text._ZN5Print5writeEPKhj
                0x00080e88       0x22 c:\Users\Liam Kain\Personal_Projects\UnoProjects\build/core\core.a(Print.cpp.o)
                0x00080e88                Print::write(unsigned char const*, unsigned int)
 .text._ZN5Print5writeEPKc
                0x00080eaa       0x1e c:\Users\Liam Kain\Personal_Projects\UnoProjects\build/core\core.a(Print.cpp.o)
                0x00080eaa                Print::write(char const*)
 .text._ZN5Print5printEc
                0x00080ec8        0xa c:\Users\Liam Kain\Personal_Projects\UnoProjects\build/core\core.a(Print.cpp.o)
                0x00080ec8                Print::print(char)
 *fill*         0x00080ed2        0x2 
 .text._ZN5Print7printlnEv
                0x00080ed4       0x10 c:\Users\Liam Kain\Personal_Projects\UnoProjects\build/core\core.a(Print.cpp.o)
                0x00080ed4                Print::println()
 .text._ZN5Print11printNumberEmh
                0x00080ee4       0x3e c:\Users\Liam Kain\Personal_Projects\UnoProjects\build/core\core.a(Print.cpp.o)
                0x00080ee4                Print::printNumber(unsigned long, unsigned char)
 .text._ZN5Print5printEli
                0x00080f22       0x3c c:\Users\Liam Kain\Personal_Projects\UnoProjects\build/core\core.a(Print.cpp.o)
                0x00080f22                Print::print(long, int)
 .text._ZN5Print7printlnEii
                0x00080f5e       0x14 c:\Users\Liam Kain\Personal_Projects\UnoProjects\build/core\core.a(Print.cpp.o)
                0x00080f5e                Print::println(int, int)
 *fill*         0x00080f72        0x2 
 .text.initiateReset
                0x00080f74        0xc c:\Users\Liam Kain\Personal_Projects\UnoProjects\build/core\core.a(Reset.cpp.o)
                0x00080f74                initiateReset
 .text.cancelReset
                0x00080f80       0x10 c:\Users\Liam Kain\Personal_Projects\UnoProjects\build/core\core.a(Reset.cpp.o)
                0x00080f80                cancelReset
 .text.tickReset
                0x00080f90       0x20 c:\Users\Liam Kain\Personal_Projects\UnoProjects\build/core\core.a(Reset.cpp.o)
                0x00080f90                tickReset
 .text._ZN10RingBufferC2Ev
                0x00080fb0       0x1a c:\Users\Liam Kain\Personal_Projects\UnoProjects\build/core\core.a(RingBuffer.cpp.o)
                0x00080fb0                RingBuffer::RingBuffer()
                0x00080fb0                RingBuffer::RingBuffer()
 .text._ZN10RingBuffer10store_charEh
                0x00080fca       0x1e c:\Users\Liam Kain\Personal_Projects\UnoProjects\build/core\core.a(RingBuffer.cpp.o)
                0x00080fca                RingBuffer::store_char(unsigned char)
 .text._ZN9UARTClasscvbEv
                0x00080fe8        0x4 c:\Users\Liam Kain\Personal_Projects\UnoProjects\build/core\core.a(UARTClass.cpp.o)
                0x00080fe8                UARTClass::operator bool()
 .text._ZN9UARTClass9availableEv
                0x00080fec       0x12 c:\Users\Liam Kain\Personal_Projects\UnoProjects\build/core\core.a(UARTClass.cpp.o)
                0x00080fec                UARTClass::available()
 .text._ZN9UARTClass4peekEv
                0x00080ffe       0x1c c:\Users\Liam Kain\Personal_Projects\UnoProjects\build/core\core.a(UARTClass.cpp.o)
                0x00080ffe                UARTClass::peek()
 .text._ZN9UARTClass4readEv
                0x0008101a       0x2a c:\Users\Liam Kain\Personal_Projects\UnoProjects\build/core\core.a(UARTClass.cpp.o)
                0x0008101a                UARTClass::read()
 .text._ZN9UARTClass5flushEv
                0x00081044       0x18 c:\Users\Liam Kain\Personal_Projects\UnoProjects\build/core\core.a(UARTClass.cpp.o)
                0x00081044                UARTClass::flush()
 .text._ZN9UARTClass5writeEh
                0x0008105c       0x54 c:\Users\Liam Kain\Personal_Projects\UnoProjects\build/core\core.a(UARTClass.cpp.o)
                0x0008105c                UARTClass::write(unsigned char)
 .text._ZN9UARTClass3endEv
                0x000810b0       0x3c c:\Users\Liam Kain\Personal_Projects\UnoProjects\build/core\core.a(UARTClass.cpp.o)
                0x000810b0                UARTClass::end()
 .text._ZN9UARTClassC2EP4Uart4IRQnmP10RingBufferS4_
                0x000810ec       0x24 c:\Users\Liam Kain\Personal_Projects\UnoProjects\build/core\core.a(UARTClass.cpp.o)
                0x000810ec                UARTClass::UARTClass(Uart*, IRQn, unsigned long, RingBuffer*, RingBuffer*)
                0x000810ec                UARTClass::UARTClass(Uart*, IRQn, unsigned long, RingBuffer*, RingBuffer*)
 .text._ZN9UARTClass4initEmm
                0x00081110       0x70 c:\Users\Liam Kain\Personal_Projects\UnoProjects\build/core\core.a(UARTClass.cpp.o)
                0x00081110                UARTClass::init(unsigned long, unsigned long)
 .text._ZN9UARTClass5beginEm
                0x00081180        0x8 c:\Users\Liam Kain\Personal_Projects\UnoProjects\build/core\core.a(UARTClass.cpp.o)
                0x00081180                UARTClass::begin(unsigned long)
 .text._ZN9UARTClass10IrqHandlerEv
                0x00081188       0x5a c:\Users\Liam Kain\Personal_Projects\UnoProjects\build/core\core.a(UARTClass.cpp.o)
                0x00081188                UARTClass::IrqHandler()
 .text._ZN10USARTClass5beginEm
                0x000811e2        0x8 c:\Users\Liam Kain\Personal_Projects\UnoProjects\build/core\core.a(USARTClass.cpp.o)
                0x000811e2                USARTClass::begin(unsigned long)
 *fill*         0x000811ea        0x2 
 .text._ZN10USARTClassC2EP5Usart4IRQnmP10RingBufferS4_
                0x000811ec       0x24 c:\Users\Liam Kain\Personal_Projects\UnoProjects\build/core\core.a(USARTClass.cpp.o)
                0x000811ec                USARTClass::USARTClass(Usart*, IRQn, unsigned long, RingBuffer*, RingBuffer*)
                0x000811ec                USARTClass::USARTClass(Usart*, IRQn, unsigned long, RingBuffer*, RingBuffer*)
 .text.initVariant
                0x00081210        0x2 c:\Users\Liam Kain\Personal_Projects\UnoProjects\build/core\core.a(main.cpp.o)
                0x00081210                initVariant
 *fill*         0x00081212        0x2 
 .text.startup.main
                0x00081214       0x38 c:\Users\Liam Kain\Personal_Projects\UnoProjects\build/core\core.a(main.cpp.o)
                0x00081214                main
 .text._watchdogDefaultSetup
                0x0008124c        0xc c:\Users\Liam Kain\Personal_Projects\UnoProjects\build/core\core.a(watchdog.cpp.o)
                0x0008124c                _watchdogDefaultSetup
                0x0008124c                watchdogSetup()
 .text.unlikely._ZL11USB_SendZlpv
                0x00081258       0x20 c:\Users\Liam Kain\Personal_Projects\UnoProjects\build/core\core.a(USBCore.cpp.o)
 .text._Z14USBD_Availablem
                0x00081278       0x2c c:\Users\Liam Kain\Personal_Projects\UnoProjects\build/core\core.a(USBCore.cpp.o)
                0x00081278                USBD_Available(unsigned long)
 .text._Z9USBD_RecvmPvm
                0x000812a4       0x7c c:\Users\Liam Kain\Personal_Projects\UnoProjects\build/core\core.a(USBCore.cpp.o)
                0x000812a4                USBD_Recv(unsigned long, void*, unsigned long)
 .text._Z9USBD_Recvm
                0x00081320       0x22 c:\Users\Liam Kain\Personal_Projects\UnoProjects\build/core\core.a(USBCore.cpp.o)
                0x00081320                USBD_Recv(unsigned long)
 *fill*         0x00081342        0x2 
 .text._Z9USBD_SendmPKvm
                0x00081344       0x4c c:\Users\Liam Kain\Personal_Projects\UnoProjects\build/core\core.a(USBCore.cpp.o)
                0x00081344                USBD_Send(unsigned long, void const*, unsigned long)
 .text._Z16USBD_SendControlhPKvm
                0x00081390       0x40 c:\Users\Liam Kain\Personal_Projects\UnoProjects\build/core\core.a(USBCore.cpp.o)
                0x00081390                USBD_SendControl(unsigned char, void const*, unsigned long)
 .text.unlikely._ZL24USB_SendStringDescriptorPKhi
                0x000813d0       0x64 c:\Users\Liam Kain\Personal_Projects\UnoProjects\build/core\core.a(USBCore.cpp.o)
 .text._Z16USBD_RecvControlPvm
                0x00081434       0x1c c:\Users\Liam Kain\Personal_Projects\UnoProjects\build/core\core.a(USBCore.cpp.o)
                0x00081434                USBD_RecvControl(void*, unsigned long)
 .text._Z26USBD_ClassInterfaceRequestR8USBSetup
                0x00081450       0x1e c:\Users\Liam Kain\Personal_Projects\UnoProjects\build/core\core.a(USBCore.cpp.o)
                0x00081450                USBD_ClassInterfaceRequest(USBSetup&)
 .text._Z19USBD_SendInterfacesv
                0x0008146e       0x22 c:\Users\Liam Kain\Personal_Projects\UnoProjects\build/core\core.a(USBCore.cpp.o)
                0x0008146e                USBD_SendInterfaces()
 .text._Z24USBD_SendOtherInterfacesv
                0x00081490       0x22 c:\Users\Liam Kain\Personal_Projects\UnoProjects\build/core\core.a(USBCore.cpp.o)
                0x00081490                USBD_SendOtherInterfaces()
 .text._Z10USBD_Flushm
                0x000814b2       0x16 c:\Users\Liam Kain\Personal_Projects\UnoProjects\build/core\core.a(USBCore.cpp.o)
                0x000814b2                USBD_Flush(unsigned long)
 .text._ZN10USBDevice_C2Ev
                0x000814c8       0x24 c:\Users\Liam Kain\Personal_Projects\UnoProjects\build/core\core.a(USBCore.cpp.o)
                0x000814c8                USBDevice_::USBDevice_()
                0x000814c8                USBDevice_::USBDevice_()
 .text._ZN10USBDevice_6attachEv
                0x000814ec       0x20 c:\Users\Liam Kain\Personal_Projects\UnoProjects\build/core\core.a(USBCore.cpp.o)
                0x000814ec                USBDevice_::attach()
 .text.startup._GLOBAL__sub_I_EndPoints
                0x0008150c        0xc c:\Users\Liam Kain\Personal_Projects\UnoProjects\build/core\core.a(USBCore.cpp.o)
 .text._ZL7USB_ISRv
                0x00081518      0x454 c:\Users\Liam Kain\Personal_Projects\UnoProjects\build/core\core.a(USBCore.cpp.o)
 .text._ZN7Serial_9availableEv
                0x0008196c       0x18 c:\Users\Liam Kain\Personal_Projects\UnoProjects\build/core\core.a(CDC.cpp.o)
                0x0008196c                Serial_::available()
 .text._ZN7Serial_17availableForWriteEv
                0x00081984        0x6 c:\Users\Liam Kain\Personal_Projects\UnoProjects\build/core\core.a(CDC.cpp.o)
                0x00081984                Serial_::availableForWrite()
 *fill*         0x0008198a        0x2 
 .text._ZN7Serial_4peekEv
                0x0008198c       0x20 c:\Users\Liam Kain\Personal_Projects\UnoProjects\build/core\core.a(CDC.cpp.o)
                0x0008198c                Serial_::peek()
 .text._ZN7Serial_5writeEh
                0x000819ac       0x16 c:\Users\Liam Kain\Personal_Projects\UnoProjects\build/core\core.a(CDC.cpp.o)
                0x000819ac                Serial_::write(unsigned char)
 *fill*         0x000819c2        0x2 
 .text._ZN7Serial_4readEv
                0x000819c4       0x44 c:\Users\Liam Kain\Personal_Projects\UnoProjects\build/core\core.a(CDC.cpp.o)
                0x000819c4                Serial_::read()
 .text._ZN7Serial_5flushEv
                0x00081a08        0x6 c:\Users\Liam Kain\Personal_Projects\UnoProjects\build/core\core.a(CDC.cpp.o)
                0x00081a08                Serial_::flush()
 *fill*         0x00081a0e        0x2 
 .text._ZN7Serial_6acceptEv
                0x00081a10       0x70 c:\Users\Liam Kain\Personal_Projects\UnoProjects\build/core\core.a(CDC.cpp.o)
                0x00081a10                Serial_::accept()
 .text._ZN7Serial_5writeEPKhj
                0x00081a80       0x2c c:\Users\Liam Kain\Personal_Projects\UnoProjects\build/core\core.a(CDC.cpp.o)
                0x00081a80                Serial_::write(unsigned char const*, unsigned int)
 .text._Z16CDC_GetInterfacePh
                0x00081aac       0x14 c:\Users\Liam Kain\Personal_Projects\UnoProjects\build/core\core.a(CDC.cpp.o)
                0x00081aac                CDC_GetInterface(unsigned char*)
 .text._Z21CDC_GetOtherInterfacePh
                0x00081ac0       0x14 c:\Users\Liam Kain\Personal_Projects\UnoProjects\build/core\core.a(CDC.cpp.o)
                0x00081ac0                CDC_GetOtherInterface(unsigned char*)
 .text._Z9CDC_SetupR8USBSetup
                0x00081ad4       0x78 c:\Users\Liam Kain\Personal_Projects\UnoProjects\build/core\core.a(CDC.cpp.o)
                0x00081ad4                CDC_Setup(USBSetup&)
 .text.startup._GLOBAL__sub_I_cdc_rx_buffer
                0x00081b4c       0x1c c:\Users\Liam Kain\Personal_Projects\UnoProjects\build/core\core.a(CDC.cpp.o)
 .text._ZN13PluggableUSB_12getInterfaceEPh
                0x00081b68       0x28 c:\Users\Liam Kain\Personal_Projects\UnoProjects\build/core\core.a(PluggableUSB.cpp.o)
                0x00081b68                PluggableUSB_::getInterface(unsigned char*)
 .text._ZN13PluggableUSB_13getDescriptorER8USBSetup
                0x00081b90       0x1c c:\Users\Liam Kain\Personal_Projects\UnoProjects\build/core\core.a(PluggableUSB.cpp.o)
                0x00081b90                PluggableUSB_::getDescriptor(USBSetup&)
 .text._ZN13PluggableUSB_12getShortNameEPc
                0x00081bac       0x1c c:\Users\Liam Kain\Personal_Projects\UnoProjects\build/core\core.a(PluggableUSB.cpp.o)
                0x00081bac                PluggableUSB_::getShortName(char*)
 .text._ZN13PluggableUSB_5setupER8USBSetup
                0x00081bc8       0x20 c:\Users\Liam Kain\Personal_Projects\UnoProjects\build/core\core.a(PluggableUSB.cpp.o)
                0x00081bc8                PluggableUSB_::setup(USBSetup&)
 .text._Z12PluggableUSBv
                0x00081be8       0x28 c:\Users\Liam Kain\Personal_Projects\UnoProjects\build/core\core.a(PluggableUSB.cpp.o)
                0x00081be8                PluggableUSB()
 .text.FindClockConfiguration
                0x00081c10       0x7c C:\Users\Liam Kain\AppData\Local\Arduino15\packages\arduino\hardware\sam\1.6.12\variants\arduino_due_x/libsam_sam3x8e_gcc_rel.a(pwmc.o)
 .text.PWMC_ConfigureChannel
                0x00081c8c       0x60 C:\Users\Liam Kain\AppData\Local\Arduino15\packages\arduino\hardware\sam\1.6.12\variants\arduino_due_x/libsam_sam3x8e_gcc_rel.a(pwmc.o)
                0x00081c8c                PWMC_ConfigureChannel
 .text.PWMC_ConfigureClocks
                0x00081cec       0x54 C:\Users\Liam Kain\AppData\Local\Arduino15\packages\arduino\hardware\sam\1.6.12\variants\arduino_due_x/libsam_sam3x8e_gcc_rel.a(pwmc.o)
                0x00081cec                PWMC_ConfigureClocks
 .text.PWMC_SetPeriod
                0x00081d40       0x1a C:\Users\Liam Kain\AppData\Local\Arduino15\packages\arduino\hardware\sam\1.6.12\variants\arduino_due_x/libsam_sam3x8e_gcc_rel.a(pwmc.o)
                0x00081d40                PWMC_SetPeriod
 *fill*         0x00081d5a        0x2 
 .text.PWMC_SetDutyCycle
                0x00081d5c       0x44 C:\Users\Liam Kain\AppData\Local\Arduino15\packages\arduino\hardware\sam\1.6.12\variants\arduino_due_x/libsam_sam3x8e_gcc_rel.a(pwmc.o)
                0x00081d5c                PWMC_SetDutyCycle
 .text.PWMC_EnableChannel
                0x00081da0        0xa C:\Users\Liam Kain\AppData\Local\Arduino15\packages\arduino\hardware\sam\1.6.12\variants\arduino_due_x/libsam_sam3x8e_gcc_rel.a(pwmc.o)
                0x00081da0                PWMC_EnableChannel
 *fill*         0x00081daa        0x2 
 .text.TC_Configure
                0x00081dac       0x38 C:\Users\Liam Kain\AppData\Local\Arduino15\packages\arduino\hardware\sam\1.6.12\variants\arduino_due_x/libsam_sam3x8e_gcc_rel.a(tc.o)
                0x00081dac                TC_Configure
 .text.TC_Start
                0x00081de4       0x2c C:\Users\Liam Kain\AppData\Local\Arduino15\packages\arduino\hardware\sam\1.6.12\variants\arduino_due_x/libsam_sam3x8e_gcc_rel.a(tc.o)
                0x00081de4                TC_Start
 .text.TC_SetRA
                0x00081e10        0x8 C:\Users\Liam Kain\AppData\Local\Arduino15\packages\arduino\hardware\sam\1.6.12\variants\arduino_due_x/libsam_sam3x8e_gcc_rel.a(tc.o)
                0x00081e10                TC_SetRA
 .text.TC_SetRB
                0x00081e18        0x8 C:\Users\Liam Kain\AppData\Local\Arduino15\packages\arduino\hardware\sam\1.6.12\variants\arduino_due_x/libsam_sam3x8e_gcc_rel.a(tc.o)
                0x00081e18                TC_SetRB
 .text.TC_SetRC
                0x00081e20        0x8 C:\Users\Liam Kain\AppData\Local\Arduino15\packages\arduino\hardware\sam\1.6.12\variants\arduino_due_x/libsam_sam3x8e_gcc_rel.a(tc.o)
                0x00081e20                TC_SetRC
 .text.TimeTick_Increment
                0x00081e28       0x10 C:\Users\Liam Kain\AppData\Local\Arduino15\packages\arduino\hardware\sam\1.6.12\variants\arduino_due_x/libsam_sam3x8e_gcc_rel.a(timetick.o)
                0x00081e28                TimeTick_Increment
 .text.GetTickCount
                0x00081e38        0xc C:\Users\Liam Kain\AppData\Local\Arduino15\packages\arduino\hardware\sam\1.6.12\variants\arduino_due_x/libsam_sam3x8e_gcc_rel.a(timetick.o)
                0x00081e38                GetTickCount
 .text.WDT_Disable
                0x00081e44        0x8 C:\Users\Liam Kain\AppData\Local\Arduino15\packages\arduino\hardware\sam\1.6.12\variants\arduino_due_x/libsam_sam3x8e_gcc_rel.a(wdt.o)
                0x00081e44                WDT_Disable
 .text.UDD_SetStack
                0x00081e4c        0xc C:\Users\Liam Kain\AppData\Local\Arduino15\packages\arduino\hardware\sam\1.6.12\variants\arduino_due_x/libsam_sam3x8e_gcc_rel.a(uotghs_device.o)
                0x00081e4c                UDD_SetStack
 .text.UDD_Init
                0x00081e58       0xd0 C:\Users\Liam Kain\AppData\Local\Arduino15\packages\arduino\hardware\sam\1.6.12\variants\arduino_due_x/libsam_sam3x8e_gcc_rel.a(uotghs_device.o)
                0x00081e58                UDD_Init
 .text.UDD_Attach
                0x00081f28       0x50 C:\Users\Liam Kain\AppData\Local\Arduino15\packages\arduino\hardware\sam\1.6.12\variants\arduino_due_x/libsam_sam3x8e_gcc_rel.a(uotghs_device.o)
                0x00081f28                UDD_Attach
 .text.UDD_InitEP
                0x00081f78       0x2c C:\Users\Liam Kain\AppData\Local\Arduino15\packages\arduino\hardware\sam\1.6.12\variants\arduino_due_x/libsam_sam3x8e_gcc_rel.a(uotghs_device.o)
                0x00081f78                UDD_InitEP
 .text.UDD_InitEndpoints
                0x00081fa4       0x3c C:\Users\Liam Kain\AppData\Local\Arduino15\packages\arduino\hardware\sam\1.6.12\variants\arduino_due_x/libsam_sam3x8e_gcc_rel.a(uotghs_device.o)
                0x00081fa4                UDD_InitEndpoints
 .text.UDD_WaitIN
                0x00081fe0       0x10 C:\Users\Liam Kain\AppData\Local\Arduino15\packages\arduino\hardware\sam\1.6.12\variants\arduino_due_x/libsam_sam3x8e_gcc_rel.a(uotghs_device.o)
                0x00081fe0                UDD_WaitIN
 .text.UDD_WaitOUT
                0x00081ff0       0x10 C:\Users\Liam Kain\AppData\Local\Arduino15\packages\arduino\hardware\sam\1.6.12\variants\arduino_due_x/libsam_sam3x8e_gcc_rel.a(uotghs_device.o)
                0x00081ff0                UDD_WaitOUT
 .text.UDD_ClearIN
                0x00082000       0x18 C:\Users\Liam Kain\AppData\Local\Arduino15\packages\arduino\hardware\sam\1.6.12\variants\arduino_due_x/libsam_sam3x8e_gcc_rel.a(uotghs_device.o)
                0x00082000                UDD_ClearIN
 .text.UDD_ClearOUT
                0x00082018       0x18 C:\Users\Liam Kain\AppData\Local\Arduino15\packages\arduino\hardware\sam\1.6.12\variants\arduino_due_x/libsam_sam3x8e_gcc_rel.a(uotghs_device.o)
                0x00082018                UDD_ClearOUT
 .text.UDD_ReceivedSetupInt
                0x00082030       0x10 C:\Users\Liam Kain\AppData\Local\Arduino15\packages\arduino\hardware\sam\1.6.12\variants\arduino_due_x/libsam_sam3x8e_gcc_rel.a(uotghs_device.o)
                0x00082030                UDD_ReceivedSetupInt
 .text.UDD_ClearSetupInt
                0x00082040       0x10 C:\Users\Liam Kain\AppData\Local\Arduino15\packages\arduino\hardware\sam\1.6.12\variants\arduino_due_x/libsam_sam3x8e_gcc_rel.a(uotghs_device.o)
                0x00082040                UDD_ClearSetupInt
 .text.UDD_Send
                0x00082050       0x88 C:\Users\Liam Kain\AppData\Local\Arduino15\packages\arduino\hardware\sam\1.6.12\variants\arduino_due_x/libsam_sam3x8e_gcc_rel.a(uotghs_device.o)
                0x00082050                UDD_Send
 .text.UDD_Send8
                0x000820d8       0x24 C:\Users\Liam Kain\AppData\Local\Arduino15\packages\arduino\hardware\sam\1.6.12\variants\arduino_due_x/libsam_sam3x8e_gcc_rel.a(uotghs_device.o)
                0x000820d8                UDD_Send8
 .text.UDD_Recv8
                0x000820fc       0x28 C:\Users\Liam Kain\AppData\Local\Arduino15\packages\arduino\hardware\sam\1.6.12\variants\arduino_due_x/libsam_sam3x8e_gcc_rel.a(uotghs_device.o)
                0x000820fc                UDD_Recv8
 .text.UDD_Recv
                0x00082124       0x34 C:\Users\Liam Kain\AppData\Local\Arduino15\packages\arduino\hardware\sam\1.6.12\variants\arduino_due_x/libsam_sam3x8e_gcc_rel.a(uotghs_device.o)
                0x00082124                UDD_Recv
 .text.UDD_Stall
                0x00082158       0x14 C:\Users\Liam Kain\AppData\Local\Arduino15\packages\arduino\hardware\sam\1.6.12\variants\arduino_due_x/libsam_sam3x8e_gcc_rel.a(uotghs_device.o)
                0x00082158                UDD_Stall
 .text.UDD_FifoByteCount
                0x0008216c       0x14 C:\Users\Liam Kain\AppData\Local\Arduino15\packages\arduino\hardware\sam\1.6.12\variants\arduino_due_x/libsam_sam3x8e_gcc_rel.a(uotghs_device.o)
                0x0008216c                UDD_FifoByteCount
 .text.UDD_ReleaseRX
                0x00082180       0x28 C:\Users\Liam Kain\AppData\Local\Arduino15\packages\arduino\hardware\sam\1.6.12\variants\arduino_due_x/libsam_sam3x8e_gcc_rel.a(uotghs_device.o)
                0x00082180                UDD_ReleaseRX
 .text.UDD_ReleaseTX
                0x000821a8       0x28 C:\Users\Liam Kain\AppData\Local\Arduino15\packages\arduino\hardware\sam\1.6.12\variants\arduino_due_x/libsam_sam3x8e_gcc_rel.a(uotghs_device.o)
                0x000821a8                UDD_ReleaseTX
 .text.UDD_SetAddress
                0x000821d0       0x20 C:\Users\Liam Kain\AppData\Local\Arduino15\packages\arduino\hardware\sam\1.6.12\variants\arduino_due_x/libsam_sam3x8e_gcc_rel.a(uotghs_device.o)
                0x000821d0                UDD_SetAddress
 .text.dacc_reset
                0x000821f0        0x6 C:\Users\Liam Kain\AppData\Local\Arduino15\packages\arduino\hardware\sam\1.6.12\variants\arduino_due_x/libsam_sam3x8e_gcc_rel.a(dacc.o)
                0x000821f0                dacc_reset
 .text.dacc_set_transfer_mode
                0x000821f6       0x14 C:\Users\Liam Kain\AppData\Local\Arduino15\packages\arduino\hardware\sam\1.6.12\variants\arduino_due_x/libsam_sam3x8e_gcc_rel.a(dacc.o)
                0x000821f6                dacc_set_transfer_mode
 .text.dacc_get_interrupt_status
                0x0008220a        0x4 C:\Users\Liam Kain\AppData\Local\Arduino15\packages\arduino\hardware\sam\1.6.12\variants\arduino_due_x/libsam_sam3x8e_gcc_rel.a(dacc.o)
                0x0008220a                dacc_get_interrupt_status
 .text.dacc_write_conversion_data
                0x0008220e        0x4 C:\Users\Liam Kain\AppData\Local\Arduino15\packages\arduino\hardware\sam\1.6.12\variants\arduino_due_x/libsam_sam3x8e_gcc_rel.a(dacc.o)
                0x0008220e                dacc_write_conversion_data
 .text.dacc_set_channel_selection
                0x00082212       0x18 C:\Users\Liam Kain\AppData\Local\Arduino15\packages\arduino\hardware\sam\1.6.12\variants\arduino_due_x/libsam_sam3x8e_gcc_rel.a(dacc.o)
                0x00082212                dacc_set_channel_selection
 .text.dacc_set_power_save
                0x0008222a       0x24 C:\Users\Liam Kain\AppData\Local\Arduino15\packages\arduino\hardware\sam\1.6.12\variants\arduino_due_x/libsam_sam3x8e_gcc_rel.a(dacc.o)
                0x0008222a                dacc_set_power_save
 .text.dacc_set_timing
                0x0008224e       0x2c C:\Users\Liam Kain\AppData\Local\Arduino15\packages\arduino\hardware\sam\1.6.12\variants\arduino_due_x/libsam_sam3x8e_gcc_rel.a(dacc.o)
                0x0008224e                dacc_set_timing
 .text.dacc_enable_channel
                0x0008227a       0x12 C:\Users\Liam Kain\AppData\Local\Arduino15\packages\arduino\hardware\sam\1.6.12\variants\arduino_due_x/libsam_sam3x8e_gcc_rel.a(dacc.o)
                0x0008227a                dacc_enable_channel
 .text.dacc_get_channel_status
                0x0008228c        0x4 C:\Users\Liam Kain\AppData\Local\Arduino15\packages\arduino\hardware\sam\1.6.12\variants\arduino_due_x/libsam_sam3x8e_gcc_rel.a(dacc.o)
                0x0008228c                dacc_get_channel_status
 .text.dacc_set_analog_control
                0x00082290        0x8 C:\Users\Liam Kain\AppData\Local\Arduino15\packages\arduino\hardware\sam\1.6.12\variants\arduino_due_x/libsam_sam3x8e_gcc_rel.a(dacc.o)
                0x00082290                dacc_set_analog_control
 .text.__assert_func
                0x00082298       0x3c c:/users/liam kain/appdata/local/arduino15/packages/arduino/tools/arm-none-eabi-gcc/4.8.3-2014q1/bin/../lib/gcc/arm-none-eabi/4.8.3/../../../../arm-none-eabi/lib/armv7-m\libc.a(lib_a-assert.o)
                0x00082298                __assert_func
 .text.fiprintf
                0x000822d4       0x28 c:/users/liam kain/appdata/local/arduino15/packages/arduino/tools/arm-none-eabi-gcc/4.8.3-2014q1/bin/../lib/gcc/arm-none-eabi/4.8.3/../../../../arm-none-eabi/lib/armv7-m\libc.a(lib_a-fiprintf.o)
                0x000822d4                fiprintf
 .text.__libc_init_array
                0x000822fc       0x50 c:/users/liam kain/appdata/local/arduino15/packages/arduino/tools/arm-none-eabi-gcc/4.8.3-2014q1/bin/../lib/gcc/arm-none-eabi/4.8.3/../../../../arm-none-eabi/lib/armv7-m\libc.a(lib_a-init.o)
                0x000822fc                __libc_init_array
 .text.memset   0x0008234c       0x94 c:/users/liam kain/appdata/local/arduino15/packages/arduino/tools/arm-none-eabi-gcc/4.8.3-2014q1/bin/../lib/gcc/arm-none-eabi/4.8.3/../../../../arm-none-eabi/lib/armv7-m\libc.a(lib_a-memset.o)
                0x0008234c                memset
 .text.strlen   0x000823e0       0x60 c:/users/liam kain/appdata/local/arduino15/packages/arduino/tools/arm-none-eabi-gcc/4.8.3-2014q1/bin/../lib/gcc/arm-none-eabi/4.8.3/../../../../arm-none-eabi/lib/armv7-m\libc.a(lib_a-strlen.o)
                0x000823e0                strlen
 .text.kill     0x00082440       0x10 c:/users/liam kain/appdata/local/arduino15/packages/arduino/tools/arm-none-eabi-gcc/4.8.3-2014q1/bin/../lib/gcc/arm-none-eabi/4.8.3/../../../../arm-none-eabi/lib/armv7-m\libc.a(lib_a-syskill.o)
                0x00082440                kill
 .text.__sprint_r.part.0
                0x00082450       0x78 c:/users/liam kain/appdata/local/arduino15/packages/arduino/tools/arm-none-eabi-gcc/4.8.3-2014q1/bin/../lib/gcc/arm-none-eabi/4.8.3/../../../../arm-none-eabi/lib/armv7-m\libc.a(lib_a-vfiprintf.o)
 .text._vfiprintf_r
                0x000824c8      0xc54 c:/users/liam kain/appdata/local/arduino15/packages/arduino/tools/arm-none-eabi-gcc/4.8.3-2014q1/bin/../lib/gcc/arm-none-eabi/4.8.3/../../../../arm-none-eabi/lib/armv7-m\libc.a(lib_a-vfiprintf.o)
                0x000824c8                _vfiprintf_r
 .text.__sbprintf
                0x0008311c       0x7c c:/users/liam kain/appdata/local/arduino15/packages/arduino/tools/arm-none-eabi-gcc/4.8.3-2014q1/bin/../lib/gcc/arm-none-eabi/4.8.3/../../../../arm-none-eabi/lib/armv7-m\libc.a(lib_a-vfiprintf.o)
 .text.__swsetup_r
                0x00083198       0xc4 c:/users/liam kain/appdata/local/arduino15/packages/arduino/tools/arm-none-eabi-gcc/4.8.3-2014q1/bin/../lib/gcc/arm-none-eabi/4.8.3/../../../../arm-none-eabi/lib/armv7-m\libc.a(lib_a-wsetup.o)
                0x00083198                __swsetup_r
 .text.startup.register_fini
                0x0008325c       0x14 c:/users/liam kain/appdata/local/arduino15/packages/arduino/tools/arm-none-eabi-gcc/4.8.3-2014q1/bin/../lib/gcc/arm-none-eabi/4.8.3/../../../../arm-none-eabi/lib/armv7-m\libc.a(lib_a-__call_atexit.o)
 .text.abort    0x00083270       0x10 c:/users/liam kain/appdata/local/arduino15/packages/arduino/tools/arm-none-eabi-gcc/4.8.3-2014q1/bin/../lib/gcc/arm-none-eabi/4.8.3/../../../../arm-none-eabi/lib/armv7-m\libc.a(lib_a-abort.o)
                0x00083270                abort
 .text.atexit   0x00083280        0xc c:/users/liam kain/appdata/local/arduino15/packages/arduino/tools/arm-none-eabi-gcc/4.8.3-2014q1/bin/../lib/gcc/arm-none-eabi/4.8.3/../../../../arm-none-eabi/lib/armv7-m\libc.a(lib_a-atexit.o)
                0x00083280                atexit
 .text.__sflush_r
                0x0008328c      0x148 c:/users/liam kain/appdata/local/arduino15/packages/arduino/tools/arm-none-eabi-gcc/4.8.3-2014q1/bin/../lib/gcc/arm-none-eabi/4.8.3/../../../../arm-none-eabi/lib/armv7-m\libc.a(lib_a-fflush.o)
                0x0008328c                __sflush_r
 .text._fflush_r
                0x000833d4       0x2c c:/users/liam kain/appdata/local/arduino15/packages/arduino/tools/arm-none-eabi-gcc/4.8.3-2014q1/bin/../lib/gcc/arm-none-eabi/4.8.3/../../../../arm-none-eabi/lib/armv7-m\libc.a(lib_a-fflush.o)
                0x000833d4                _fflush_r
 .text._cleanup_r
                0x00083400        0xc c:/users/liam kain/appdata/local/arduino15/packages/arduino/tools/arm-none-eabi-gcc/4.8.3-2014q1/bin/../lib/gcc/arm-none-eabi/4.8.3/../../../../arm-none-eabi/lib/armv7-m\libc.a(lib_a-findfp.o)
                0x00083400                _cleanup_r
 .text.__sinit  0x0008340c       0xf4 c:/users/liam kain/appdata/local/arduino15/packages/arduino/tools/arm-none-eabi-gcc/4.8.3-2014q1/bin/../lib/gcc/arm-none-eabi/4.8.3/../../../../arm-none-eabi/lib/armv7-m\libc.a(lib_a-findfp.o)
                0x0008340c                __sinit
 .text.__sfp_lock_acquire
                0x00083500        0x4 c:/users/liam kain/appdata/local/arduino15/packages/arduino/tools/arm-none-eabi-gcc/4.8.3-2014q1/bin/../lib/gcc/arm-none-eabi/4.8.3/../../../../arm-none-eabi/lib/armv7-m\libc.a(lib_a-findfp.o)
                0x00083500                __sfp_lock_acquire
 .text.__sfp_lock_release
                0x00083504        0x4 c:/users/liam kain/appdata/local/arduino15/packages/arduino/tools/arm-none-eabi-gcc/4.8.3-2014q1/bin/../lib/gcc/arm-none-eabi/4.8.3/../../../../arm-none-eabi/lib/armv7-m\libc.a(lib_a-findfp.o)
                0x00083504                __sfp_lock_release
 .text.__libc_fini_array
                0x00083508       0x30 c:/users/liam kain/appdata/local/arduino15/packages/arduino/tools/arm-none-eabi-gcc/4.8.3-2014q1/bin/../lib/gcc/arm-none-eabi/4.8.3/../../../../arm-none-eabi/lib/armv7-m\libc.a(lib_a-fini.o)
                0x00083508                __libc_fini_array
 .text._fputwc_r
                0x00083538       0xc0 c:/users/liam kain/appdata/local/arduino15/packages/arduino/tools/arm-none-eabi-gcc/4.8.3-2014q1/bin/../lib/gcc/arm-none-eabi/4.8.3/../../../../arm-none-eabi/lib/armv7-m\libc.a(lib_a-fputwc.o)
                0x00083538                _fputwc_r
 .text._malloc_trim_r
                0x000835f8       0x9c c:/users/liam kain/appdata/local/arduino15/packages/arduino/tools/arm-none-eabi-gcc/4.8.3-2014q1/bin/../lib/gcc/arm-none-eabi/4.8.3/../../../../arm-none-eabi/lib/armv7-m\libc.a(lib_a-freer.o)
                0x000835f8                _malloc_trim_r
 .text._free_r  0x00083694      0x198 c:/users/liam kain/appdata/local/arduino15/packages/arduino/tools/arm-none-eabi-gcc/4.8.3-2014q1/bin/../lib/gcc/arm-none-eabi/4.8.3/../../../../arm-none-eabi/lib/armv7-m\libc.a(lib_a-freer.o)
                0x00083694                _free_r
 .text.__sfvwrite_r
                0x0008382c      0x314 c:/users/liam kain/appdata/local/arduino15/packages/arduino/tools/arm-none-eabi-gcc/4.8.3-2014q1/bin/../lib/gcc/arm-none-eabi/4.8.3/../../../../arm-none-eabi/lib/armv7-m\libc.a(lib_a-fvwrite.o)
                0x0008382c                __sfvwrite_r
 .text._fwalk   0x00083b40       0x48 c:/users/liam kain/appdata/local/arduino15/packages/arduino/tools/arm-none-eabi-gcc/4.8.3-2014q1/bin/../lib/gcc/arm-none-eabi/4.8.3/../../../../arm-none-eabi/lib/armv7-m\libc.a(lib_a-fwalk.o)
                0x00083b40                _fwalk
 .text.__locale_charset
                0x00083b88        0x8 c:/users/liam kain/appdata/local/arduino15/packages/arduino/tools/arm-none-eabi-gcc/4.8.3-2014q1/bin/../lib/gcc/arm-none-eabi/4.8.3/../../../../arm-none-eabi/lib/armv7-m\libc.a(lib_a-locale.o)
                0x00083b88                __locale_charset
 .text.__locale_mb_cur_max
                0x00083b90        0xc c:/users/liam kain/appdata/local/arduino15/packages/arduino/tools/arm-none-eabi-gcc/4.8.3-2014q1/bin/../lib/gcc/arm-none-eabi/4.8.3/../../../../arm-none-eabi/lib/armv7-m\libc.a(lib_a-locale.o)
                0x00083b90                __locale_mb_cur_max
 .text.__smakebuf_r
                0x00083b9c       0xe0 c:/users/liam kain/appdata/local/arduino15/packages/arduino/tools/arm-none-eabi-gcc/4.8.3-2014q1/bin/../lib/gcc/arm-none-eabi/4.8.3/../../../../arm-none-eabi/lib/armv7-m\libc.a(lib_a-makebuf.o)
                0x00083b9c                __smakebuf_r
 .text._malloc_r
                0x00083c7c      0x538 c:/users/liam kain/appdata/local/arduino15/packages/arduino/tools/arm-none-eabi-gcc/4.8.3-2014q1/bin/../lib/gcc/arm-none-eabi/4.8.3/../../../../arm-none-eabi/lib/armv7-m\libc.a(lib_a-mallocr.o)
                0x00083c7c                _malloc_r
 .text.memchr   0x000841b4       0x94 c:/users/liam kain/appdata/local/arduino15/packages/arduino/tools/arm-none-eabi-gcc/4.8.3-2014q1/bin/../lib/gcc/arm-none-eabi/4.8.3/../../../../arm-none-eabi/lib/armv7-m\libc.a(lib_a-memchr-stub.o)
                0x000841b4                memchr
 .text          0x00084248       0xec c:/users/liam kain/appdata/local/arduino15/packages/arduino/tools/arm-none-eabi-gcc/4.8.3-2014q1/bin/../lib/gcc/arm-none-eabi/4.8.3/../../../../arm-none-eabi/lib/armv7-m\libc.a(lib_a-memcpy.o)
                0x00084248                memcpy
 .text.memmove  0x00084334       0xcc c:/users/liam kain/appdata/local/arduino15/packages/arduino/tools/arm-none-eabi-gcc/4.8.3-2014q1/bin/../lib/gcc/arm-none-eabi/4.8.3/../../../../arm-none-eabi/lib/armv7-m\libc.a(lib_a-memmove.o)
                0x00084334                memmove
 .text.__malloc_lock
                0x00084400        0x4 c:/users/liam kain/appdata/local/arduino15/packages/arduino/tools/arm-none-eabi-gcc/4.8.3-2014q1/bin/../lib/gcc/arm-none-eabi/4.8.3/../../../../arm-none-eabi/lib/armv7-m\libc.a(lib_a-mlock.o)
                0x00084400                __malloc_lock
 .text.__malloc_unlock
                0x00084404        0x4 c:/users/liam kain/appdata/local/arduino15/packages/arduino/tools/arm-none-eabi-gcc/4.8.3-2014q1/bin/../lib/gcc/arm-none-eabi/4.8.3/../../../../arm-none-eabi/lib/armv7-m\libc.a(lib_a-mlock.o)
                0x00084404                __malloc_unlock
 .text._realloc_r
                0x00084408      0x3c0 c:/users/liam kain/appdata/local/arduino15/packages/arduino/tools/arm-none-eabi-gcc/4.8.3-2014q1/bin/../lib/gcc/arm-none-eabi/4.8.3/../../../../arm-none-eabi/lib/armv7-m\libc.a(lib_a-reallocr.o)
                0x00084408                _realloc_r
 .text._sbrk_r  0x000847c8       0x24 c:/users/liam kain/appdata/local/arduino15/packages/arduino/tools/arm-none-eabi-gcc/4.8.3-2014q1/bin/../lib/gcc/arm-none-eabi/4.8.3/../../../../arm-none-eabi/lib/armv7-m\libc.a(lib_a-sbrkr.o)
                0x000847c8                _sbrk_r
 .text._raise_r
                0x000847ec       0x58 c:/users/liam kain/appdata/local/arduino15/packages/arduino/tools/arm-none-eabi-gcc/4.8.3-2014q1/bin/../lib/gcc/arm-none-eabi/4.8.3/../../../../arm-none-eabi/lib/armv7-m\libc.a(lib_a-signal.o)
                0x000847ec                _raise_r
 .text.raise    0x00084844       0x10 c:/users/liam kain/appdata/local/arduino15/packages/arduino/tools/arm-none-eabi-gcc/4.8.3-2014q1/bin/../lib/gcc/arm-none-eabi/4.8.3/../../../../arm-none-eabi/lib/armv7-m\libc.a(lib_a-signal.o)
                0x00084844                raise
 .text._kill_r  0x00084854       0x28 c:/users/liam kain/appdata/local/arduino15/packages/arduino/tools/arm-none-eabi-gcc/4.8.3-2014q1/bin/../lib/gcc/arm-none-eabi/4.8.3/../../../../arm-none-eabi/lib/armv7-m\libc.a(lib_a-signalr.o)
                0x00084854                _kill_r
 .text._getpid_r
                0x0008487c        0x4 c:/users/liam kain/appdata/local/arduino15/packages/arduino/tools/arm-none-eabi-gcc/4.8.3-2014q1/bin/../lib/gcc/arm-none-eabi/4.8.3/../../../../arm-none-eabi/lib/armv7-m\libc.a(lib_a-signalr.o)
                0x0008487c                _getpid_r
 .text.__sread  0x00084880       0x24 c:/users/liam kain/appdata/local/arduino15/packages/arduino/tools/arm-none-eabi-gcc/4.8.3-2014q1/bin/../lib/gcc/arm-none-eabi/4.8.3/../../../../arm-none-eabi/lib/armv7-m\libc.a(lib_a-stdio.o)
                0x00084880                __sread
 .text.__swrite
                0x000848a4       0x38 c:/users/liam kain/appdata/local/arduino15/packages/arduino/tools/arm-none-eabi-gcc/4.8.3-2014q1/bin/../lib/gcc/arm-none-eabi/4.8.3/../../../../arm-none-eabi/lib/armv7-m\libc.a(lib_a-stdio.o)
                0x000848a4                __swrite
 .text.__sseek  0x000848dc       0x20 c:/users/liam kain/appdata/local/arduino15/packages/arduino/tools/arm-none-eabi-gcc/4.8.3-2014q1/bin/../lib/gcc/arm-none-eabi/4.8.3/../../../../arm-none-eabi/lib/armv7-m\libc.a(lib_a-stdio.o)
                0x000848dc                __sseek
 .text.__sclose
                0x000848fc        0x8 c:/users/liam kain/appdata/local/arduino15/packages/arduino/tools/arm-none-eabi-gcc/4.8.3-2014q1/bin/../lib/gcc/arm-none-eabi/4.8.3/../../../../arm-none-eabi/lib/armv7-m\libc.a(lib_a-stdio.o)
                0x000848fc                __sclose
 .text.__swbuf_r
                0x00084904       0xa8 c:/users/liam kain/appdata/local/arduino15/packages/arduino/tools/arm-none-eabi-gcc/4.8.3-2014q1/bin/../lib/gcc/arm-none-eabi/4.8.3/../../../../arm-none-eabi/lib/armv7-m\libc.a(lib_a-wbuf.o)
                0x00084904                __swbuf_r
 .text._wcrtomb_r
                0x000849ac       0x50 c:/users/liam kain/appdata/local/arduino15/packages/arduino/tools/arm-none-eabi-gcc/4.8.3-2014q1/bin/../lib/gcc/arm-none-eabi/4.8.3/../../../../arm-none-eabi/lib/armv7-m\libc.a(lib_a-wcrtomb.o)
                0x000849ac                _wcrtomb_r
 .text.__ascii_wctomb
                0x000849fc       0x1c c:/users/liam kain/appdata/local/arduino15/packages/arduino/tools/arm-none-eabi-gcc/4.8.3-2014q1/bin/../lib/gcc/arm-none-eabi/4.8.3/../../../../arm-none-eabi/lib/armv7-m\libc.a(lib_a-wctomb_r.o)
                0x000849fc                __ascii_wctomb
 .text._write_r
                0x00084a18       0x28 c:/users/liam kain/appdata/local/arduino15/packages/arduino/tools/arm-none-eabi-gcc/4.8.3-2014q1/bin/../lib/gcc/arm-none-eabi/4.8.3/../../../../arm-none-eabi/lib/armv7-m\libc.a(lib_a-writer.o)
                0x00084a18                _write_r
 .text.__register_exitproc
                0x00084a40       0xa8 c:/users/liam kain/appdata/local/arduino15/packages/arduino/tools/arm-none-eabi-gcc/4.8.3-2014q1/bin/../lib/gcc/arm-none-eabi/4.8.3/../../../../arm-none-eabi/lib/armv7-m\libc.a(lib_a-__atexit.o)
                0x00084a40                __register_exitproc
 .text._close_r
                0x00084ae8       0x24 c:/users/liam kain/appdata/local/arduino15/packages/arduino/tools/arm-none-eabi-gcc/4.8.3-2014q1/bin/../lib/gcc/arm-none-eabi/4.8.3/../../../../arm-none-eabi/lib/armv7-m\libc.a(lib_a-closer.o)
                0x00084ae8                _close_r
 .text._fclose_r
                0x00084b0c       0x80 c:/users/liam kain/appdata/local/arduino15/packages/arduino/tools/arm-none-eabi-gcc/4.8.3-2014q1/bin/../lib/gcc/arm-none-eabi/4.8.3/../../../../arm-none-eabi/lib/armv7-m\libc.a(lib_a-fclose.o)
                0x00084b0c                _fclose_r
 .text.fclose   0x00084b8c       0x10 c:/users/liam kain/appdata/local/arduino15/packages/arduino/tools/arm-none-eabi-gcc/4.8.3-2014q1/bin/../lib/gcc/arm-none-eabi/4.8.3/../../../../arm-none-eabi/lib/armv7-m\libc.a(lib_a-fclose.o)
                0x00084b8c                fclose
 .text._fstat_r
                0x00084b9c       0x28 c:/users/liam kain/appdata/local/arduino15/packages/arduino/tools/arm-none-eabi-gcc/4.8.3-2014q1/bin/../lib/gcc/arm-none-eabi/4.8.3/../../../../arm-none-eabi/lib/armv7-m\libc.a(lib_a-fstatr.o)
                0x00084b9c                _fstat_r
 .text._isatty_r
                0x00084bc4       0x24 c:/users/liam kain/appdata/local/arduino15/packages/arduino/tools/arm-none-eabi-gcc/4.8.3-2014q1/bin/../lib/gcc/arm-none-eabi/4.8.3/../../../../arm-none-eabi/lib/armv7-m\libc.a(lib_a-isattyr.o)
                0x00084bc4                _isatty_r
 .text._lseek_r
                0x00084be8       0x28 c:/users/liam kain/appdata/local/arduino15/packages/arduino/tools/arm-none-eabi-gcc/4.8.3-2014q1/bin/../lib/gcc/arm-none-eabi/4.8.3/../../../../arm-none-eabi/lib/armv7-m\libc.a(lib_a-lseekr.o)
                0x00084be8                _lseek_r
 .text._read_r  0x00084c10       0x28 c:/users/liam kain/appdata/local/arduino15/packages/arduino/tools/arm-none-eabi-gcc/4.8.3-2014q1/bin/../lib/gcc/arm-none-eabi/4.8.3/../../../../arm-none-eabi/lib/armv7-m\libc.a(lib_a-readr.o)
                0x00084c10                _read_r
 .text          0x00084c38       0x2c c:/users/liam kain/appdata/local/arduino15/packages/arduino/tools/arm-none-eabi-gcc/4.8.3-2014q1/bin/../lib/gcc/arm-none-eabi/4.8.3/armv7-m\libgcc.a(_aeabi_uldivmod.o)
                0x00084c38                __aeabi_uldivmod
 .text          0x00084c64       0x60 c:/users/liam kain/appdata/local/arduino15/packages/arduino/tools/arm-none-eabi-gcc/4.8.3-2014q1/bin/../lib/gcc/arm-none-eabi/4.8.3/armv7-m\libgcc.a(bpabi.o)
                0x00084c64                __gnu_ldivmod_helper
                0x00084c94                __gnu_uldivmod_helper
 .text          0x00084cc4        0x4 c:/users/liam kain/appdata/local/arduino15/packages/arduino/tools/arm-none-eabi-gcc/4.8.3-2014q1/bin/../lib/gcc/arm-none-eabi/4.8.3/armv7-m\libgcc.a(_dvmd_tls.o)
                0x00084cc4                __aeabi_idiv0
                0x00084cc4                __aeabi_ldiv0
 .text          0x00084cc8      0x2a0 c:/users/liam kain/appdata/local/arduino15/packages/arduino/tools/arm-none-eabi-gcc/4.8.3-2014q1/bin/../lib/gcc/arm-none-eabi/4.8.3/armv7-m\libgcc.a(_divdi3.o)
                0x00084cc8                __divdi3
 .text          0x00084f68      0x290 c:/users/liam kain/appdata/local/arduino15/packages/arduino/tools/arm-none-eabi-gcc/4.8.3-2014q1/bin/../lib/gcc/arm-none-eabi/4.8.3/armv7-m\libgcc.a(_udivdi3.o)
                0x00084f68                __udivdi3
 *(.glue_7t)
 .glue_7t       0x00000000        0x0 linker stubs
 *(.glue_7)
 .glue_7        0x00000000        0x0 linker stubs
 *(.rodata .rodata* .gnu.linkonce.r.*)
 .rodata.g_APinDescription
                0x000851f8      0xa2c c:\Users\Liam Kain\Personal_Projects\UnoProjects\build\core\variant.cpp.o
                0x000851f8                g_APinDescription
 .rodata        0x00085c24       0x40 C:\Users\Liam Kain\AppData\Local\Arduino15\packages\arduino\hardware\sam\1.6.12\variants\arduino_due_x/libsam_sam3x8e_gcc_rel.a(adc.o)
 .rodata.channelToId.9433
                0x00085c64       0x48 c:\Users\Liam Kain\Personal_Projects\UnoProjects\build/core\core.a(wiring_analog.c.o)
 .rodata.channelToTC.9432
                0x00085cac       0x48 c:\Users\Liam Kain\Personal_Projects\UnoProjects\build/core\core.a(wiring_analog.c.o)
 .rodata.channelToChNo.9430
                0x00085cf4       0x48 c:\Users\Liam Kain\Personal_Projects\UnoProjects\build/core\core.a(wiring_analog.c.o)
 .rodata.channelToAB.9431
                0x00085d3c       0x48 c:\Users\Liam Kain\Personal_Projects\UnoProjects\build/core\core.a(wiring_analog.c.o)
 .rodata.str1.1
                0x00085d84        0xf c:\Users\Liam Kain\Personal_Projects\UnoProjects\build/core\core.a(Print.cpp.o)
 *fill*         0x00085d93        0x5 
 .rodata._ZTV9UARTClass
                0x00085d98       0x30 c:\Users\Liam Kain\Personal_Projects\UnoProjects\build/core\core.a(UARTClass.cpp.o)
                0x00085d98                vtable for UARTClass
 .rodata._ZTV10USARTClass
                0x00085dc8       0x30 c:\Users\Liam Kain\Personal_Projects\UnoProjects\build/core\core.a(USARTClass.cpp.o)
                0x00085dc8                vtable for USARTClass
 .rodata.STRING_PRODUCT
                0x00085df8        0xc c:\Users\Liam Kain\Personal_Projects\UnoProjects\build/core\core.a(USBCore.cpp.o)
                0x00085df8                STRING_PRODUCT
 .rodata.USB_DeviceDescriptor
                0x00085e04       0x12 c:\Users\Liam Kain\Personal_Projects\UnoProjects\build/core\core.a(USBCore.cpp.o)
                0x00085e04                USB_DeviceDescriptor
 .rodata.STRING_LANGUAGE
                0x00085e16        0x4 c:\Users\Liam Kain\Personal_Projects\UnoProjects\build/core\core.a(USBCore.cpp.o)
                0x00085e16                STRING_LANGUAGE
 .rodata._ZL18test_packet_buffer
                0x00085e1a       0x35 c:\Users\Liam Kain\Personal_Projects\UnoProjects\build/core\core.a(USBCore.cpp.o)
 .rodata.STRING_MANUFACTURER
                0x00085e4f        0xc c:\Users\Liam Kain\Personal_Projects\UnoProjects\build/core\core.a(USBCore.cpp.o)
                0x00085e4f                STRING_MANUFACTURER
 .rodata.USB_DeviceDescriptorA
                0x00085e5b       0x12 c:\Users\Liam Kain\Personal_Projects\UnoProjects\build/core\core.a(USBCore.cpp.o)
                0x00085e5b                USB_DeviceDescriptorA
 .rodata._ZL19USB_DeviceQualifier
                0x00085e6d        0x9 c:\Users\Liam Kain\Personal_Projects\UnoProjects\build/core\core.a(USBCore.cpp.o)
 *fill*         0x00085e76        0x2 
 .rodata._ZTV7Serial_
                0x00085e78       0x28 c:\Users\Liam Kain\Personal_Projects\UnoProjects\build/core\core.a(CDC.cpp.o)
                0x00085e78                vtable for Serial_
 .rodata._ZL18_cdcOtherInterface
                0x00085ea0       0x42 c:\Users\Liam Kain\Personal_Projects\UnoProjects\build/core\core.a(CDC.cpp.o)
 .rodata._ZL13_cdcInterface
                0x00085ee2       0x42 c:\Users\Liam Kain\Personal_Projects\UnoProjects\build/core\core.a(CDC.cpp.o)
 .rodata        0x00085f24       0x2c C:\Users\Liam Kain\AppData\Local\Arduino15\packages\arduino\hardware\sam\1.6.12\variants\arduino_due_x/libsam_sam3x8e_gcc_rel.a(pwmc.o)
 .rodata.__func__.6830
                0x00085f50       0x15 C:\Users\Liam Kain\AppData\Local\Arduino15\packages\arduino\hardware\sam\1.6.12\variants\arduino_due_x/libsam_sam3x8e_gcc_rel.a(pwmc.o)
 .rodata.__func__.6841
                0x00085f65       0x12 C:\Users\Liam Kain\AppData\Local\Arduino15\packages\arduino\hardware\sam\1.6.12\variants\arduino_due_x/libsam_sam3x8e_gcc_rel.a(pwmc.o)
 .rodata.str1.1
                0x00085f77      0x1cc C:\Users\Liam Kain\AppData\Local\Arduino15\packages\arduino\hardware\sam\1.6.12\variants\arduino_due_x/libsam_sam3x8e_gcc_rel.a(pwmc.o)
 .rodata.__func__.6804
                0x00086143       0x16 C:\Users\Liam Kain\AppData\Local\Arduino15\packages\arduino\hardware\sam\1.6.12\variants\arduino_due_x/libsam_sam3x8e_gcc_rel.a(pwmc.o)
 .rodata.__func__.6793
                0x00086159       0x17 C:\Users\Liam Kain\AppData\Local\Arduino15\packages\arduino\hardware\sam\1.6.12\variants\arduino_due_x/libsam_sam3x8e_gcc_rel.a(pwmc.o)
 .rodata.__func__.6792
                0x00086170        0xd C:\Users\Liam Kain\AppData\Local\Arduino15\packages\arduino\hardware\sam\1.6.12\variants\arduino_due_x/libsam_sam3x8e_gcc_rel.a(tc.o)
 .rodata.str1.1
                0x0008617d       0x54 C:\Users\Liam Kain\AppData\Local\Arduino15\packages\arduino\hardware\sam\1.6.12\variants\arduino_due_x/libsam_sam3x8e_gcc_rel.a(tc.o)
 .rodata.__func__.6798
                0x000861d1        0x9 C:\Users\Liam Kain\AppData\Local\Arduino15\packages\arduino\hardware\sam\1.6.12\variants\arduino_due_x/libsam_sam3x8e_gcc_rel.a(tc.o)
 *fill*         0x000861da        0x2 
 .rodata.str1.4
                0x000861dc       0x3f c:/users/liam kain/appdata/local/arduino15/packages/arduino/tools/arm-none-eabi-gcc/4.8.3-2014q1/bin/../lib/gcc/arm-none-eabi/4.8.3/../../../../arm-none-eabi/lib/armv7-m\libc.a(lib_a-assert.o)
                                 0x44 (size before relaxing)
 *fill*         0x0008621b        0x1 
 .rodata.str1.4
                0x0008621c        0x2 c:/users/liam kain/appdata/local/arduino15/packages/arduino/tools/arm-none-eabi-gcc/4.8.3-2014q1/bin/../lib/gcc/arm-none-eabi/4.8.3/../../../../arm-none-eabi/lib/armv7-m\libc.a(lib_a-impure.o)
                                  0x4 (size before relaxing)
 *fill*         0x0008621e        0x2 
 .rodata._global_impure_ptr
                0x00086220        0x4 c:/users/liam kain/appdata/local/arduino15/packages/arduino/tools/arm-none-eabi-gcc/4.8.3-2014q1/bin/../lib/gcc/arm-none-eabi/4.8.3/../../../../arm-none-eabi/lib/armv7-m\libc.a(lib_a-impure.o)
                0x00086220                _global_impure_ptr
 .rodata.blanks.6717
                0x00086224       0x10 c:/users/liam kain/appdata/local/arduino15/packages/arduino/tools/arm-none-eabi-gcc/4.8.3-2014q1/bin/../lib/gcc/arm-none-eabi/4.8.3/../../../../arm-none-eabi/lib/armv7-m\libc.a(lib_a-vfiprintf.o)
 .rodata.str1.4
                0x00086234       0x30 c:/users/liam kain/appdata/local/arduino15/packages/arduino/tools/arm-none-eabi-gcc/4.8.3-2014q1/bin/../lib/gcc/arm-none-eabi/4.8.3/../../../../arm-none-eabi/lib/armv7-m\libc.a(lib_a-vfiprintf.o)
 .rodata.zeroes.6718
                0x00086264       0x10 c:/users/liam kain/appdata/local/arduino15/packages/arduino/tools/arm-none-eabi-gcc/4.8.3-2014q1/bin/../lib/gcc/arm-none-eabi/4.8.3/../../../../arm-none-eabi/lib/armv7-m\libc.a(lib_a-vfiprintf.o)
 *(.ARM.extab* .gnu.linkonce.armextab.*)
                0x00086274                . = ALIGN (0x4)
 *(.init)
 .init          0x00086274        0x4 c:/users/liam kain/appdata/local/arduino15/packages/arduino/tools/arm-none-eabi-gcc/4.8.3-2014q1/bin/../lib/gcc/arm-none-eabi/4.8.3/armv7-m/crti.o
                0x00086274                _init
 .init          0x00086278        0x8 c:/users/liam kain/appdata/local/arduino15/packages/arduino/tools/arm-none-eabi-gcc/4.8.3-2014q1/bin/../lib/gcc/arm-none-eabi/4.8.3/armv7-m/crtn.o
                0x00086280                . = ALIGN (0x4)
                0x00086280                __preinit_array_start = .
 *(.preinit_array)
                0x00086280                __preinit_array_end = .
                0x00086280                . = ALIGN (0x4)
                0x00086280                __init_array_start = .
 *(SORT(.init_array.*))
 .init_array.00000
                0x00086280        0x4 c:/users/liam kain/appdata/local/arduino15/packages/arduino/tools/arm-none-eabi-gcc/4.8.3-2014q1/bin/../lib/gcc/arm-none-eabi/4.8.3/../../../../arm-none-eabi/lib/armv7-m\libc.a(lib_a-__call_atexit.o)
 *(.init_array)
 .init_array    0x00086284        0x4 c:/users/liam kain/appdata/local/arduino15/packages/arduino/tools/arm-none-eabi-gcc/4.8.3-2014q1/bin/../lib/gcc/arm-none-eabi/4.8.3/armv7-m/crtbegin.o
 .init_array    0x00086288        0x4 c:\Users\Liam Kain\Personal_Projects\UnoProjects\build\core\variant.cpp.o
 .init_array    0x0008628c        0x4 c:\Users\Liam Kain\Personal_Projects\UnoProjects\build/core\core.a(USBCore.cpp.o)
 .init_array    0x00086290        0x4 c:\Users\Liam Kain\Personal_Projects\UnoProjects\build/core\core.a(CDC.cpp.o)
                0x00086294                __init_array_end = .
                0x00086294                . = ALIGN (0x4)
 *crtbegin.o(.ctors)
 *(EXCLUDE_FILE(*crtend.o) .ctors)
 *(SORT(.ctors.*))
 *crtend.o(.ctors)
                0x00086294                . = ALIGN (0x4)
 *(.fini)
 .fini          0x00086294        0x4 c:/users/liam kain/appdata/local/arduino15/packages/arduino/tools/arm-none-eabi-gcc/4.8.3-2014q1/bin/../lib/gcc/arm-none-eabi/4.8.3/armv7-m/crti.o
                0x00086294                _fini
 .fini          0x00086298        0x8 c:/users/liam kain/appdata/local/arduino15/packages/arduino/tools/arm-none-eabi-gcc/4.8.3-2014q1/bin/../lib/gcc/arm-none-eabi/4.8.3/armv7-m/crtn.o
                0x000862a0                . = ALIGN (0x4)
                0x000862a0                __fini_array_start = .
 *(.fini_array)
 .fini_array    0x000862a0        0x4 c:/users/liam kain/appdata/local/arduino15/packages/arduino/tools/arm-none-eabi-gcc/4.8.3-2014q1/bin/../lib/gcc/arm-none-eabi/4.8.3/armv7-m/crtbegin.o
 *(SORT(.fini_array.*))
                0x000862a4                __fini_array_end = .
 *crtbegin.o(.dtors)
 *(EXCLUDE_FILE(*crtend.o) .dtors)
 *(SORT(.dtors.*))
 *crtend.o(.dtors)
                0x000862a4                . = ALIGN (0x4)
                0x000862a4                _efixed = .
                0x000862a4                PROVIDE (__exidx_start, .)

.vfp11_veneer   0x000862a4        0x0
 .vfp11_veneer  0x00000000        0x0 linker stubs

.v4_bx          0x000862a4        0x0
 .v4_bx         0x00000000        0x0 linker stubs

.iplt           0x000862a4        0x0
 .iplt          0x00000000        0x0 c:/users/liam kain/appdata/local/arduino15/packages/arduino/tools/arm-none-eabi-gcc/4.8.3-2014q1/bin/../lib/gcc/arm-none-eabi/4.8.3/armv7-m/crtbegin.o

.ARM.exidx      0x000862a4        0x8
 *(.ARM.exidx* .gnu.linkonce.armexidx.*)
 .ARM.exidx     0x000862a4        0x8 c:/users/liam kain/appdata/local/arduino15/packages/arduino/tools/arm-none-eabi-gcc/4.8.3-2014q1/bin/../lib/gcc/arm-none-eabi/4.8.3/armv7-m\libgcc.a(_divdi3.o)
 .ARM.exidx     0x000862ac        0x0 c:/users/liam kain/appdata/local/arduino15/packages/arduino/tools/arm-none-eabi-gcc/4.8.3-2014q1/bin/../lib/gcc/arm-none-eabi/4.8.3/armv7-m\libgcc.a(_udivdi3.o)
                                  0x8 (size before relaxing)
                0x000862ac                PROVIDE (__exidx_end, .)

.eh_frame       0x000862ac        0x0
 .eh_frame      0x000862ac        0x0 c:/users/liam kain/appdata/local/arduino15/packages/arduino/tools/arm-none-eabi-gcc/4.8.3-2014q1/bin/../lib/gcc/arm-none-eabi/4.8.3/armv7-m/crtbegin.o

.rel.dyn        0x000862ac        0x0
 .rel.iplt      0x00000000        0x0 c:/users/liam kain/appdata/local/arduino15/packages/arduino/tools/arm-none-eabi-gcc/4.8.3-2014q1/bin/../lib/gcc/arm-none-eabi/4.8.3/armv7-m/crtbegin.o

.jcr            0x000862ac        0x0
 .jcr           0x000862ac        0x0 c:/users/liam kain/appdata/local/arduino15/packages/arduino/tools/arm-none-eabi-gcc/4.8.3-2014q1/bin/../lib/gcc/arm-none-eabi/4.8.3/armv7-m/crtbegin.o

.igot.plt       0x000862ac        0x0
 .igot.plt      0x00000000        0x0 c:/users/liam kain/appdata/local/arduino15/packages/arduino/tools/arm-none-eabi-gcc/4.8.3-2014q1/bin/../lib/gcc/arm-none-eabi/4.8.3/armv7-m/crtbegin.o
                0x000862ac                . = ALIGN (0x4)
                0x000862ac                _etext = .

.relocate       0x20070000      0x8e4 load address 0x000862ac
                0x20070000                . = ALIGN (0x4)
                0x20070000                _srelocate = .
 *(.ramfunc .ramfunc.*)
 .ramfunc       0x20070000       0x2c c:\Users\Liam Kain\Personal_Projects\UnoProjects\build/core\core.a(Reset.cpp.o)
                0x20070000                banzai
 *(.data .data.*)
 .data.speaker  0x2007002c        0x4 c:\Users\Liam Kain\Personal_Projects\UnoProjects\build\sketch\RemoteFinder.ino.cpp.o
                0x2007002c                speaker
 .data.SystemCoreClock
                0x20070030        0x4 C:\Users\Liam Kain\AppData\Local\Arduino15\packages\arduino\hardware\sam\1.6.12\variants\arduino_due_x/libsam_sam3x8e_gcc_rel.a(system_sam3xa.o)
                0x20070030                SystemCoreClock
 .data._writeResolution
                0x20070034        0x4 c:\Users\Liam Kain\Personal_Projects\UnoProjects\build/core\core.a(wiring_analog.c.o)
 .data.latestSelectedChannel.9384
                0x20070038        0x4 c:\Users\Liam Kain\Personal_Projects\UnoProjects\build/core\core.a(wiring_analog.c.o)
 .data._readResolution
                0x2007003c        0x4 c:\Users\Liam Kain\Personal_Projects\UnoProjects\build/core\core.a(wiring_analog.c.o)
 .data._ZL5ticks
                0x20070040        0x4 c:\Users\Liam Kain\Personal_Projects\UnoProjects\build/core\core.a(Reset.cpp.o)
 .data.EndPoints
                0x20070044       0x28 c:\Users\Liam Kain\Personal_Projects\UnoProjects\build/core\core.a(USBCore.cpp.o)
                0x20070044                EndPoints
 .data._ZL10breakValue
                0x2007006c        0x4 c:\Users\Liam Kain\Personal_Projects\UnoProjects\build/core\core.a(CDC.cpp.o)
 .data._ZL12_usbLineInfo
                0x20070070        0x8 c:\Users\Liam Kain\Personal_Projects\UnoProjects\build/core\core.a(CDC.cpp.o)
 .data.g_interrupt_enabled
                0x20070078        0x4 C:\Users\Liam Kain\AppData\Local\Arduino15\packages\arduino\hardware\sam\1.6.12\variants\arduino_due_x/libsam_sam3x8e_gcc_rel.a(interrupt_sam_nvic.o)
                0x20070078                g_interrupt_enabled
 *fill*         0x2007007c        0x4 
 .data.impure_data
                0x20070080      0x428 c:/users/liam kain/appdata/local/arduino15/packages/arduino/tools/arm-none-eabi-gcc/4.8.3-2014q1/bin/../lib/gcc/arm-none-eabi/4.8.3/../../../../arm-none-eabi/lib/armv7-m\libc.a(lib_a-impure.o)
 .data._impure_ptr
                0x200704a8        0x4 c:/users/liam kain/appdata/local/arduino15/packages/arduino/tools/arm-none-eabi-gcc/4.8.3-2014q1/bin/../lib/gcc/arm-none-eabi/4.8.3/../../../../arm-none-eabi/lib/armv7-m\libc.a(lib_a-impure.o)
                0x200704a8                _impure_ptr
 .data.lc_ctype_charset
                0x200704ac       0x20 c:/users/liam kain/appdata/local/arduino15/packages/arduino/tools/arm-none-eabi-gcc/4.8.3-2014q1/bin/../lib/gcc/arm-none-eabi/4.8.3/../../../../arm-none-eabi/lib/armv7-m\libc.a(lib_a-locale.o)
 .data.__mb_cur_max
                0x200704cc        0x4 c:/users/liam kain/appdata/local/arduino15/packages/arduino/tools/arm-none-eabi-gcc/4.8.3-2014q1/bin/../lib/gcc/arm-none-eabi/4.8.3/../../../../arm-none-eabi/lib/armv7-m\libc.a(lib_a-locale.o)
                0x200704cc                __mb_cur_max
 .data.__malloc_av_
                0x200704d0      0x408 c:/users/liam kain/appdata/local/arduino15/packages/arduino/tools/arm-none-eabi-gcc/4.8.3-2014q1/bin/../lib/gcc/arm-none-eabi/4.8.3/../../../../arm-none-eabi/lib/armv7-m\libc.a(lib_a-mallocr.o)
                0x200704d0                __malloc_av_
 .data.__malloc_trim_threshold
                0x200708d8        0x4 c:/users/liam kain/appdata/local/arduino15/packages/arduino/tools/arm-none-eabi-gcc/4.8.3-2014q1/bin/../lib/gcc/arm-none-eabi/4.8.3/../../../../arm-none-eabi/lib/armv7-m\libc.a(lib_a-mallocr.o)
                0x200708d8                __malloc_trim_threshold
 .data.__malloc_sbrk_base
                0x200708dc        0x4 c:/users/liam kain/appdata/local/arduino15/packages/arduino/tools/arm-none-eabi-gcc/4.8.3-2014q1/bin/../lib/gcc/arm-none-eabi/4.8.3/../../../../arm-none-eabi/lib/armv7-m\libc.a(lib_a-mallocr.o)
                0x200708dc                __malloc_sbrk_base
 .data.__wctomb
                0x200708e0        0x4 c:/users/liam kain/appdata/local/arduino15/packages/arduino/tools/arm-none-eabi-gcc/4.8.3-2014q1/bin/../lib/gcc/arm-none-eabi/4.8.3/../../../../arm-none-eabi/lib/armv7-m\libc.a(lib_a-wctomb_r.o)
                0x200708e0                __wctomb
                0x200708e4                . = ALIGN (0x4)
                0x200708e4                _erelocate = .

.bss            0x200708e4      0xa34 load address 0x00086b90
                0x200708e4                . = ALIGN (0x4)
                0x200708e4                _sbss = .
                0x200708e4                _szero = .
 *(.bss .bss.*)
 .bss           0x200708e4       0x1c c:/users/liam kain/appdata/local/arduino15/packages/arduino/tools/arm-none-eabi-gcc/4.8.3-2014q1/bin/../lib/gcc/arm-none-eabi/4.8.3/armv7-m/crtbegin.o
 .bss.tx_buffer2
                0x20070900       0x88 c:\Users\Liam Kain\Personal_Projects\UnoProjects\build\core\variant.cpp.o
                0x20070900                tx_buffer2
 .bss.tx_buffer1
                0x20070988       0x88 c:\Users\Liam Kain\Personal_Projects\UnoProjects\build\core\variant.cpp.o
                0x20070988                tx_buffer1
 .bss.Serial    0x20070a10       0x24 c:\Users\Liam Kain\Personal_Projects\UnoProjects\build\core\variant.cpp.o
                0x20070a10                Serial
 .bss.rx_buffer1
                0x20070a34       0x88 c:\Users\Liam Kain\Personal_Projects\UnoProjects\build\core\variant.cpp.o
                0x20070a34                rx_buffer1
 .bss.Serial1   0x20070abc       0x28 c:\Users\Liam Kain\Personal_Projects\UnoProjects\build\core\variant.cpp.o
                0x20070abc                Serial1
 .bss.Serial2   0x20070ae4       0x28 c:\Users\Liam Kain\Personal_Projects\UnoProjects\build\core\variant.cpp.o
                0x20070ae4                Serial2
 .bss.Serial3   0x20070b0c       0x28 c:\Users\Liam Kain\Personal_Projects\UnoProjects\build\core\variant.cpp.o
                0x20070b0c                Serial3
 .bss.tx_buffer3
                0x20070b34       0x88 c:\Users\Liam Kain\Personal_Projects\UnoProjects\build\core\variant.cpp.o
                0x20070b34                tx_buffer3
 .bss.tx_buffer4
                0x20070bbc       0x88 c:\Users\Liam Kain\Personal_Projects\UnoProjects\build\core\variant.cpp.o
                0x20070bbc                tx_buffer4
 .bss.g_pinStatus
                0x20070c44       0x4f c:\Users\Liam Kain\Personal_Projects\UnoProjects\build\core\variant.cpp.o
                0x20070c44                g_pinStatus
 *fill*         0x20070c93        0x1 
 .bss.rx_buffer2
                0x20070c94       0x88 c:\Users\Liam Kain\Personal_Projects\UnoProjects\build\core\variant.cpp.o
                0x20070c94                rx_buffer2
 .bss.rx_buffer3
                0x20070d1c       0x88 c:\Users\Liam Kain\Personal_Projects\UnoProjects\build\core\variant.cpp.o
                0x20070d1c                rx_buffer3
 .bss.rx_buffer4
                0x20070da4       0x88 c:\Users\Liam Kain\Personal_Projects\UnoProjects\build\core\variant.cpp.o
                0x20070da4                rx_buffer4
 .bss.gpf_isr   0x20070e2c        0x4 C:\Users\Liam Kain\AppData\Local\Arduino15\packages\arduino\hardware\sam\1.6.12\variants\arduino_due_x/libsam_sam3x8e_gcc_rel.a(uotghs.o)
                0x20070e2c                gpf_isr
 .bss.callbacksPioA
                0x20070e30       0x80 c:\Users\Liam Kain\Personal_Projects\UnoProjects\build/core\core.a(WInterrupts.c.o)
 .bss.callbacksPioB
                0x20070eb0       0x80 c:\Users\Liam Kain\Personal_Projects\UnoProjects\build/core\core.a(WInterrupts.c.o)
 .bss.callbacksPioC
                0x20070f30       0x80 c:\Users\Liam Kain\Personal_Projects\UnoProjects\build/core\core.a(WInterrupts.c.o)
 .bss.callbacksPioD
                0x20070fb0       0x80 c:\Users\Liam Kain\Personal_Projects\UnoProjects\build/core\core.a(WInterrupts.c.o)
 .bss.heap.6420
                0x20071030        0x4 c:\Users\Liam Kain\Personal_Projects\UnoProjects\build/core\core.a(syscalls_sam3.c.o)
 .bss.PWMEnabled
                0x20071034        0x1 c:\Users\Liam Kain\Personal_Projects\UnoProjects\build/core\core.a(wiring_analog.c.o)
 .bss.TCChanEnabled
                0x20071035        0x9 c:\Users\Liam Kain\Personal_Projects\UnoProjects\build/core\core.a(wiring_analog.c.o)
 .bss._cmark    0x2007103e        0x2 c:\Users\Liam Kain\Personal_Projects\UnoProjects\build/core\core.a(USBCore.cpp.o)
                0x2007103e                _cmark
 .bss._ZL14isEndpointHalt
                0x20071040        0x1 c:\Users\Liam Kain\Personal_Projects\UnoProjects\build/core\core.a(USBCore.cpp.o)
 *fill*         0x20071041        0x3 
 .bss._cdcComposite
                0x20071044        0x4 c:\Users\Liam Kain\Personal_Projects\UnoProjects\build/core\core.a(USBCore.cpp.o)
                0x20071044                _cdcComposite
 .bss._ZL21isRemoteWakeUpEnabled
                0x20071048        0x1 c:\Users\Liam Kain\Personal_Projects\UnoProjects\build/core\core.a(USBCore.cpp.o)
 *fill*         0x20071049        0x3 
 .bss._usbInitialized
                0x2007104c        0x4 c:\Users\Liam Kain\Personal_Projects\UnoProjects\build/core\core.a(USBCore.cpp.o)
                0x2007104c                _usbInitialized
 .bss.USBDevice
                0x20071050        0x1 c:\Users\Liam Kain\Personal_Projects\UnoProjects\build/core\core.a(USBCore.cpp.o)
                0x20071050                USBDevice
 *fill*         0x20071051        0x3 
 .bss._usbSetInterface
                0x20071054        0x4 c:\Users\Liam Kain\Personal_Projects\UnoProjects\build/core\core.a(USBCore.cpp.o)
                0x20071054                _usbSetInterface
 .bss._cend     0x20071058        0x2 c:\Users\Liam Kain\Personal_Projects\UnoProjects\build/core\core.a(USBCore.cpp.o)
                0x20071058                _cend
 *fill*         0x2007105a        0x2 
 .bss._usbConfiguration
                0x2007105c        0x4 c:\Users\Liam Kain\Personal_Projects\UnoProjects\build/core\core.a(USBCore.cpp.o)
                0x2007105c                _usbConfiguration
 .bss.cdc_rx_buffer
                0x20071060      0x208 c:\Users\Liam Kain\Personal_Projects\UnoProjects\build/core\core.a(CDC.cpp.o)
                0x20071060                cdc_rx_buffer
 .bss._ZZN7Serial_6acceptEvE5guard
                0x20071268        0x4 c:\Users\Liam Kain\Personal_Projects\UnoProjects\build/core\core.a(CDC.cpp.o)
 .bss.SerialUSB
                0x2007126c       0x14 c:\Users\Liam Kain\Personal_Projects\UnoProjects\build/core\core.a(CDC.cpp.o)
                0x2007126c                SerialUSB
 .bss._ZZ12PluggableUSBvE3obj
                0x20071280        0x8 c:\Users\Liam Kain\Personal_Projects\UnoProjects\build/core\core.a(PluggableUSB.cpp.o)
 .bss._ZGVZ12PluggableUSBvE3obj
                0x20071288        0x4 c:\Users\Liam Kain\Personal_Projects\UnoProjects\build/core\core.a(PluggableUSB.cpp.o)
 .bss._dwTickCount
                0x2007128c        0x4 C:\Users\Liam Kain\AppData\Local\Arduino15\packages\arduino\hardware\sam\1.6.12\variants\arduino_due_x/libsam_sam3x8e_gcc_rel.a(timetick.o)
 .bss.ul_recv_fifo_ptr
                0x20071290       0x28 C:\Users\Liam Kain\AppData\Local\Arduino15\packages\arduino\hardware\sam\1.6.12\variants\arduino_due_x/libsam_sam3x8e_gcc_rel.a(uotghs_device.o)
 .bss.ul_send_fifo_ptr
                0x200712b8       0x28 C:\Users\Liam Kain\AppData\Local\Arduino15\packages\arduino\hardware\sam\1.6.12\variants\arduino_due_x/libsam_sam3x8e_gcc_rel.a(uotghs_device.o)
 .bss.__malloc_max_total_mem
                0x200712e0        0x4 c:/users/liam kain/appdata/local/arduino15/packages/arduino/tools/arm-none-eabi-gcc/4.8.3-2014q1/bin/../lib/gcc/arm-none-eabi/4.8.3/../../../../arm-none-eabi/lib/armv7-m\libc.a(lib_a-mallocr.o)
                0x200712e0                __malloc_max_total_mem
 .bss.__malloc_max_sbrked_mem
                0x200712e4        0x4 c:/users/liam kain/appdata/local/arduino15/packages/arduino/tools/arm-none-eabi-gcc/4.8.3-2014q1/bin/../lib/gcc/arm-none-eabi/4.8.3/../../../../arm-none-eabi/lib/armv7-m\libc.a(lib_a-mallocr.o)
                0x200712e4                __malloc_max_sbrked_mem
 .bss.__malloc_top_pad
                0x200712e8        0x4 c:/users/liam kain/appdata/local/arduino15/packages/arduino/tools/arm-none-eabi-gcc/4.8.3-2014q1/bin/../lib/gcc/arm-none-eabi/4.8.3/../../../../arm-none-eabi/lib/armv7-m\libc.a(lib_a-mallocr.o)
                0x200712e8                __malloc_top_pad
 .bss.__malloc_current_mallinfo
                0x200712ec       0x28 c:/users/liam kain/appdata/local/arduino15/packages/arduino/tools/arm-none-eabi-gcc/4.8.3-2014q1/bin/../lib/gcc/arm-none-eabi/4.8.3/../../../../arm-none-eabi/lib/armv7-m\libc.a(lib_a-mallocr.o)
                0x200712ec                __malloc_current_mallinfo
 *(COMMON)
 COMMON         0x20071314        0x4 c:/users/liam kain/appdata/local/arduino15/packages/arduino/tools/arm-none-eabi-gcc/4.8.3-2014q1/bin/../lib/gcc/arm-none-eabi/4.8.3/../../../../arm-none-eabi/lib/armv7-m\libc.a(lib_a-reent.o)
                0x20071314                errno
                0x20071318                . = ALIGN (0x4)
                0x20071318                _ebss = .
                0x20071318                _ezero = .
                0x20071318                . = ALIGN (0x4)
                0x20071318                _end = .

.stack_dummy    0x20071318        0x0
 *(.stack*)
                0x20088000                __StackTop = (ORIGIN (ram) + 0x18000)
                0x20088000                __StackLimit = (__StackTop - SIZEOF (.stack_dummy))
                0x20088000                PROVIDE (_sstack, __StackLimit)
                0x20088000                PROVIDE (_estack, __StackTop)
OUTPUT(c:\Users\Liam Kain\Personal_Projects\UnoProjects\build/RemoteFinder.ino.elf elf32-littlearm)

.ARM.attributes
                0x00000000       0x29
 .ARM.attributes
                0x00000000       0x1d c:/users/liam kain/appdata/local/arduino15/packages/arduino/tools/arm-none-eabi-gcc/4.8.3-2014q1/bin/../lib/gcc/arm-none-eabi/4.8.3/armv7-m/crti.o
 .ARM.attributes
                0x0000001d       0x2d c:/users/liam kain/appdata/local/arduino15/packages/arduino/tools/arm-none-eabi-gcc/4.8.3-2014q1/bin/../lib/gcc/arm-none-eabi/4.8.3/armv7-m/crtbegin.o
 .ARM.attributes
                0x0000004a       0x33 c:\Users\Liam Kain\Personal_Projects\UnoProjects\build\sketch\RemoteFinder.ino.cpp.o
 .ARM.attributes
                0x0000007d       0x33 c:\Users\Liam Kain\Personal_Projects\UnoProjects\build\core\variant.cpp.o
 .ARM.attributes
                0x000000b0       0x33 C:\Users\Liam Kain\AppData\Local\Arduino15\packages\arduino\hardware\sam\1.6.12\variants\arduino_due_x/libsam_sam3x8e_gcc_rel.a(pio.o)
 .ARM.attributes
                0x000000e3       0x33 C:\Users\Liam Kain\AppData\Local\Arduino15\packages\arduino\hardware\sam\1.6.12\variants\arduino_due_x/libsam_sam3x8e_gcc_rel.a(pmc.o)
 .ARM.attributes
                0x00000116       0x33 C:\Users\Liam Kain\AppData\Local\Arduino15\packages\arduino\hardware\sam\1.6.12\variants\arduino_due_x/libsam_sam3x8e_gcc_rel.a(system_sam3xa.o)
 .ARM.attributes
                0x00000149       0x33 C:\Users\Liam Kain\AppData\Local\Arduino15\packages\arduino\hardware\sam\1.6.12\variants\arduino_due_x/libsam_sam3x8e_gcc_rel.a(startup_sam3xa.o)
 .ARM.attributes
                0x0000017c       0x33 C:\Users\Liam Kain\AppData\Local\Arduino15\packages\arduino\hardware\sam\1.6.12\variants\arduino_due_x/libsam_sam3x8e_gcc_rel.a(adc.o)
 .ARM.attributes
                0x000001af       0x33 C:\Users\Liam Kain\AppData\Local\Arduino15\packages\arduino\hardware\sam\1.6.12\variants\arduino_due_x/libsam_sam3x8e_gcc_rel.a(uotghs.o)
 .ARM.attributes
                0x000001e2       0x33 c:\Users\Liam Kain\Personal_Projects\UnoProjects\build/core\core.a(WInterrupts.c.o)
 .ARM.attributes
                0x00000215       0x33 c:\Users\Liam Kain\Personal_Projects\UnoProjects\build/core\core.a(cortex_handlers.c.o)
 .ARM.attributes
                0x00000248       0x33 c:\Users\Liam Kain\Personal_Projects\UnoProjects\build/core\core.a(hooks.c.o)
 .ARM.attributes
                0x0000027b       0x33 c:\Users\Liam Kain\Personal_Projects\UnoProjects\build/core\core.a(syscalls_sam3.c.o)
 .ARM.attributes
                0x000002ae       0x33 c:\Users\Liam Kain\Personal_Projects\UnoProjects\build/core\core.a(wiring.c.o)
 .ARM.attributes
                0x000002e1       0x33 c:\Users\Liam Kain\Personal_Projects\UnoProjects\build/core\core.a(wiring_analog.c.o)
 .ARM.attributes
                0x00000314       0x33 c:\Users\Liam Kain\Personal_Projects\UnoProjects\build/core\core.a(wiring_digital.c.o)
 .ARM.attributes
                0x00000347       0x33 c:\Users\Liam Kain\Personal_Projects\UnoProjects\build/core\core.a(Print.cpp.o)
 .ARM.attributes
                0x0000037a       0x33 c:\Users\Liam Kain\Personal_Projects\UnoProjects\build/core\core.a(Reset.cpp.o)
 .ARM.attributes
                0x000003ad       0x33 c:\Users\Liam Kain\Personal_Projects\UnoProjects\build/core\core.a(RingBuffer.cpp.o)
 .ARM.attributes
                0x000003e0       0x33 c:\Users\Liam Kain\Personal_Projects\UnoProjects\build/core\core.a(UARTClass.cpp.o)
 .ARM.attributes
                0x00000413       0x33 c:\Users\Liam Kain\Personal_Projects\UnoProjects\build/core\core.a(USARTClass.cpp.o)
 .ARM.attributes
                0x00000446       0x33 c:\Users\Liam Kain\Personal_Projects\UnoProjects\build/core\core.a(main.cpp.o)
 .ARM.attributes
                0x00000479       0x33 c:\Users\Liam Kain\Personal_Projects\UnoProjects\build/core\core.a(watchdog.cpp.o)
 .ARM.attributes
                0x000004ac       0x33 c:\Users\Liam Kain\Personal_Projects\UnoProjects\build/core\core.a(USBCore.cpp.o)
 .ARM.attributes
                0x000004df       0x33 c:\Users\Liam Kain\Personal_Projects\UnoProjects\build/core\core.a(CDC.cpp.o)
 .ARM.attributes
                0x00000512       0x33 c:\Users\Liam Kain\Personal_Projects\UnoProjects\build/core\core.a(PluggableUSB.cpp.o)
 .ARM.attributes
                0x00000545       0x33 C:\Users\Liam Kain\AppData\Local\Arduino15\packages\arduino\hardware\sam\1.6.12\variants\arduino_due_x/libsam_sam3x8e_gcc_rel.a(pwmc.o)
 .ARM.attributes
                0x00000578       0x33 C:\Users\Liam Kain\AppData\Local\Arduino15\packages\arduino\hardware\sam\1.6.12\variants\arduino_due_x/libsam_sam3x8e_gcc_rel.a(tc.o)
 .ARM.attributes